// Jest Snapshot v1, https://goo.gl/fbAQLP

exports[`SignIn - MnemonicInput matches snapshot 1`] = `
<div
  className="css-view-1dbjc4n r-flex-13awgt0 r-pointerEvents-12vffkv"
>
  <div
    className="css-view-1dbjc4n r-flexDirection-18u37iz r-height-1ugchlj r-marginTop-knv0ih r-width-17x6qj0"
  >
    <div
      className="css-view-1dbjc4n r-alignItems-1awozwy r-backgroundColor-1jb27wt r-borderBottomLeftRadius-5kex9v r-borderColor-17xuhkx r-borderTopLeftRadius-1ct94d3 r-borderWidth-rs99b7 r-display-6koalj r-height-1ugchlj r-justifyContent-1777fci r-width-1yvhtrz"
    >
      <div
        className="css-text-901oao r-color-jwli3a r-fontFamily-vnw8o6 r-fontSize-ubezar r-fontWeight-1it3c9n r-lineHeight-hbpseb r-textAlign-q4m81j r-textDecorationLine-13wfysu r-textTransform-3twk1y"
        dir="auto"
      >
        1
      </div>
    </div>
    <input
      autoCapitalize="sentences"
      autoComplete="on"
      autoCorrect="on"
      className="css-textinput-11aywtz r-backgroundColor-14lw9ot r-borderBottomRightRadius-1inxgn4 r-borderColor-17xuhkx r-borderTopRightRadius-3y0fky r-borderWidth-rs99b7 r-flex-13awgt0 r-height-1ugchlj r-justifyContent-1777fci r-paddingLeft-1qhn6m8 r-width-v53qcl"
      data-focusable={true}
      dir="auto"
      onBlur={[Function]}
      onChange={[Function]}
      onFocus={[Function]}
      onKeyDown={[Function]}
      onKeyPress={[Function]}
      onSelect={[Function]}
      readOnly={false}
      spellCheck={true}
      type="text"
      value=""
    />
  </div>
  <div
    className="css-view-1dbjc4n r-flexDirection-18u37iz r-height-1ugchlj r-marginTop-knv0ih r-width-17x6qj0"
  >
    <div
      className="css-view-1dbjc4n r-alignItems-1awozwy r-backgroundColor-1jb27wt r-borderBottomLeftRadius-5kex9v r-borderColor-17xuhkx r-borderTopLeftRadius-1ct94d3 r-borderWidth-rs99b7 r-display-6koalj r-height-1ugchlj r-justifyContent-1777fci r-width-1yvhtrz"
    >
      <div
        className="css-text-901oao r-color-jwli3a r-fontFamily-vnw8o6 r-fontSize-ubezar r-fontWeight-1it3c9n r-lineHeight-hbpseb r-textAlign-q4m81j r-textDecorationLine-13wfysu r-textTransform-3twk1y"
        dir="auto"
      >
        2
      </div>
    </div>
    <input
      autoCapitalize="sentences"
      autoComplete="on"
      autoCorrect="on"
      className="css-textinput-11aywtz r-backgroundColor-14lw9ot r-borderBottomRightRadius-1inxgn4 r-borderColor-17xuhkx r-borderTopRightRadius-3y0fky r-borderWidth-rs99b7 r-flex-13awgt0 r-height-1ugchlj r-justifyContent-1777fci r-paddingLeft-1qhn6m8 r-width-v53qcl"
      data-focusable={true}
      dir="auto"
      onBlur={[Function]}
      onChange={[Function]}
      onFocus={[Function]}
      onKeyDown={[Function]}
      onKeyPress={[Function]}
      onSelect={[Function]}
      readOnly={false}
      spellCheck={true}
      type="text"
      value=""
    />
  </div>
  <div
    className="css-view-1dbjc4n r-flexDirection-18u37iz r-height-1ugchlj r-marginTop-knv0ih r-width-17x6qj0"
  >
    <div
      className="css-view-1dbjc4n r-alignItems-1awozwy r-backgroundColor-1jb27wt r-borderBottomLeftRadius-5kex9v r-borderColor-17xuhkx r-borderTopLeftRadius-1ct94d3 r-borderWidth-rs99b7 r-display-6koalj r-height-1ugchlj r-justifyContent-1777fci r-width-1yvhtrz"
    >
      <div
        className="css-text-901oao r-color-jwli3a r-fontFamily-vnw8o6 r-fontSize-ubezar r-fontWeight-1it3c9n r-lineHeight-hbpseb r-textAlign-q4m81j r-textDecorationLine-13wfysu r-textTransform-3twk1y"
        dir="auto"
      >
        3
      </div>
    </div>
    <input
      autoCapitalize="sentences"
      autoComplete="on"
      autoCorrect="on"
      className="css-textinput-11aywtz r-backgroundColor-14lw9ot r-borderBottomRightRadius-1inxgn4 r-borderColor-17xuhkx r-borderTopRightRadius-3y0fky r-borderWidth-rs99b7 r-flex-13awgt0 r-height-1ugchlj r-justifyContent-1777fci r-paddingLeft-1qhn6m8 r-width-v53qcl"
      data-focusable={true}
      dir="auto"
      onBlur={[Function]}
      onChange={[Function]}
      onFocus={[Function]}
      onKeyDown={[Function]}
      onKeyPress={[Function]}
      onSelect={[Function]}
      readOnly={false}
      spellCheck={true}
      type="text"
      value=""
    />
  </div>
  <div
    className="css-view-1dbjc4n r-flexDirection-18u37iz r-height-1ugchlj r-marginTop-knv0ih r-width-17x6qj0"
  >
    <div
      className="css-view-1dbjc4n r-alignItems-1awozwy r-backgroundColor-1jb27wt r-borderBottomLeftRadius-5kex9v r-borderColor-17xuhkx r-borderTopLeftRadius-1ct94d3 r-borderWidth-rs99b7 r-display-6koalj r-height-1ugchlj r-justifyContent-1777fci r-width-1yvhtrz"
    >
      <div
        className="css-text-901oao r-color-jwli3a r-fontFamily-vnw8o6 r-fontSize-ubezar r-fontWeight-1it3c9n r-lineHeight-hbpseb r-textAlign-q4m81j r-textDecorationLine-13wfysu r-textTransform-3twk1y"
        dir="auto"
      >
        4
      </div>
    </div>
    <input
      autoCapitalize="sentences"
      autoComplete="on"
      autoCorrect="on"
      className="css-textinput-11aywtz r-backgroundColor-14lw9ot r-borderBottomRightRadius-1inxgn4 r-borderColor-17xuhkx r-borderTopRightRadius-3y0fky r-borderWidth-rs99b7 r-flex-13awgt0 r-height-1ugchlj r-justifyContent-1777fci r-paddingLeft-1qhn6m8 r-width-v53qcl"
      data-focusable={true}
      dir="auto"
      onBlur={[Function]}
      onChange={[Function]}
      onFocus={[Function]}
      onKeyDown={[Function]}
      onKeyPress={[Function]}
      onSelect={[Function]}
      readOnly={false}
      spellCheck={true}
      type="text"
      value=""
    />
  </div>
  <div
    className="css-view-1dbjc4n r-flexDirection-18u37iz r-height-1ugchlj r-marginTop-knv0ih r-width-17x6qj0"
  >
    <div
      className="css-view-1dbjc4n r-alignItems-1awozwy r-backgroundColor-1jb27wt r-borderBottomLeftRadius-5kex9v r-borderColor-17xuhkx r-borderTopLeftRadius-1ct94d3 r-borderWidth-rs99b7 r-display-6koalj r-height-1ugchlj r-justifyContent-1777fci r-width-1yvhtrz"
    >
      <div
        className="css-text-901oao r-color-jwli3a r-fontFamily-vnw8o6 r-fontSize-ubezar r-fontWeight-1it3c9n r-lineHeight-hbpseb r-textAlign-q4m81j r-textDecorationLine-13wfysu r-textTransform-3twk1y"
        dir="auto"
      >
        5
      </div>
    </div>
    <input
      autoCapitalize="sentences"
      autoComplete="on"
      autoCorrect="on"
      className="css-textinput-11aywtz r-backgroundColor-14lw9ot r-borderBottomRightRadius-1inxgn4 r-borderColor-17xuhkx r-borderTopRightRadius-3y0fky r-borderWidth-rs99b7 r-flex-13awgt0 r-height-1ugchlj r-justifyContent-1777fci r-paddingLeft-1qhn6m8 r-width-v53qcl"
      data-focusable={true}
      dir="auto"
      onBlur={[Function]}
      onChange={[Function]}
      onFocus={[Function]}
      onKeyDown={[Function]}
      onKeyPress={[Function]}
      onSelect={[Function]}
      readOnly={false}
      spellCheck={true}
      type="text"
      value=""
    />
  </div>
  <div
    className="css-view-1dbjc4n r-flexDirection-18u37iz r-height-1ugchlj r-marginTop-knv0ih r-width-17x6qj0"
  >
    <div
      className="css-view-1dbjc4n r-alignItems-1awozwy r-backgroundColor-1jb27wt r-borderBottomLeftRadius-5kex9v r-borderColor-17xuhkx r-borderTopLeftRadius-1ct94d3 r-borderWidth-rs99b7 r-display-6koalj r-height-1ugchlj r-justifyContent-1777fci r-width-1yvhtrz"
    >
      <div
        className="css-text-901oao r-color-jwli3a r-fontFamily-vnw8o6 r-fontSize-ubezar r-fontWeight-1it3c9n r-lineHeight-hbpseb r-textAlign-q4m81j r-textDecorationLine-13wfysu r-textTransform-3twk1y"
        dir="auto"
      >
        6
      </div>
    </div>
    <input
      autoCapitalize="sentences"
      autoComplete="on"
      autoCorrect="on"
      className="css-textinput-11aywtz r-backgroundColor-14lw9ot r-borderBottomRightRadius-1inxgn4 r-borderColor-17xuhkx r-borderTopRightRadius-3y0fky r-borderWidth-rs99b7 r-flex-13awgt0 r-height-1ugchlj r-justifyContent-1777fci r-paddingLeft-1qhn6m8 r-width-v53qcl"
      data-focusable={true}
      dir="auto"
      onBlur={[Function]}
      onChange={[Function]}
      onFocus={[Function]}
      onKeyDown={[Function]}
      onKeyPress={[Function]}
      onSelect={[Function]}
      readOnly={false}
      spellCheck={true}
      type="text"
      value=""
    />
  </div>
  <div
    className="css-view-1dbjc4n r-flexDirection-18u37iz r-height-1ugchlj r-marginTop-knv0ih r-width-17x6qj0"
  >
    <div
      className="css-view-1dbjc4n r-alignItems-1awozwy r-backgroundColor-1jb27wt r-borderBottomLeftRadius-5kex9v r-borderColor-17xuhkx r-borderTopLeftRadius-1ct94d3 r-borderWidth-rs99b7 r-display-6koalj r-height-1ugchlj r-justifyContent-1777fci r-width-1yvhtrz"
    >
      <div
        className="css-text-901oao r-color-jwli3a r-fontFamily-vnw8o6 r-fontSize-ubezar r-fontWeight-1it3c9n r-lineHeight-hbpseb r-textAlign-q4m81j r-textDecorationLine-13wfysu r-textTransform-3twk1y"
        dir="auto"
      >
        7
      </div>
    </div>
    <input
      autoCapitalize="sentences"
      autoComplete="on"
      autoCorrect="on"
      className="css-textinput-11aywtz r-backgroundColor-14lw9ot r-borderBottomRightRadius-1inxgn4 r-borderColor-17xuhkx r-borderTopRightRadius-3y0fky r-borderWidth-rs99b7 r-flex-13awgt0 r-height-1ugchlj r-justifyContent-1777fci r-paddingLeft-1qhn6m8 r-width-v53qcl"
      data-focusable={true}
      dir="auto"
      onBlur={[Function]}
      onChange={[Function]}
      onFocus={[Function]}
      onKeyDown={[Function]}
      onKeyPress={[Function]}
      onSelect={[Function]}
      readOnly={false}
      spellCheck={true}
      type="text"
      value=""
    />
  </div>
  <div
    className="css-view-1dbjc4n r-flexDirection-18u37iz r-height-1ugchlj r-marginTop-knv0ih r-width-17x6qj0"
  >
    <div
      className="css-view-1dbjc4n r-alignItems-1awozwy r-backgroundColor-1jb27wt r-borderBottomLeftRadius-5kex9v r-borderColor-17xuhkx r-borderTopLeftRadius-1ct94d3 r-borderWidth-rs99b7 r-display-6koalj r-height-1ugchlj r-justifyContent-1777fci r-width-1yvhtrz"
    >
      <div
        className="css-text-901oao r-color-jwli3a r-fontFamily-vnw8o6 r-fontSize-ubezar r-fontWeight-1it3c9n r-lineHeight-hbpseb r-textAlign-q4m81j r-textDecorationLine-13wfysu r-textTransform-3twk1y"
        dir="auto"
      >
        8
      </div>
    </div>
    <input
      autoCapitalize="sentences"
      autoComplete="on"
      autoCorrect="on"
      className="css-textinput-11aywtz r-backgroundColor-14lw9ot r-borderBottomRightRadius-1inxgn4 r-borderColor-17xuhkx r-borderTopRightRadius-3y0fky r-borderWidth-rs99b7 r-flex-13awgt0 r-height-1ugchlj r-justifyContent-1777fci r-paddingLeft-1qhn6m8 r-width-v53qcl"
      data-focusable={true}
      dir="auto"
      onBlur={[Function]}
      onChange={[Function]}
      onFocus={[Function]}
      onKeyDown={[Function]}
      onKeyPress={[Function]}
      onSelect={[Function]}
      readOnly={false}
      spellCheck={true}
      type="text"
      value=""
    />
  </div>
  <div
    className="css-view-1dbjc4n r-flexDirection-18u37iz r-height-1ugchlj r-marginTop-knv0ih r-width-17x6qj0"
  >
    <div
      className="css-view-1dbjc4n r-alignItems-1awozwy r-backgroundColor-1jb27wt r-borderBottomLeftRadius-5kex9v r-borderColor-17xuhkx r-borderTopLeftRadius-1ct94d3 r-borderWidth-rs99b7 r-display-6koalj r-height-1ugchlj r-justifyContent-1777fci r-width-1yvhtrz"
    >
      <div
        className="css-text-901oao r-color-jwli3a r-fontFamily-vnw8o6 r-fontSize-ubezar r-fontWeight-1it3c9n r-lineHeight-hbpseb r-textAlign-q4m81j r-textDecorationLine-13wfysu r-textTransform-3twk1y"
        dir="auto"
      >
        9
      </div>
    </div>
    <input
      autoCapitalize="sentences"
      autoComplete="on"
      autoCorrect="on"
      className="css-textinput-11aywtz r-backgroundColor-14lw9ot r-borderBottomRightRadius-1inxgn4 r-borderColor-17xuhkx r-borderTopRightRadius-3y0fky r-borderWidth-rs99b7 r-flex-13awgt0 r-height-1ugchlj r-justifyContent-1777fci r-paddingLeft-1qhn6m8 r-width-v53qcl"
      data-focusable={true}
      dir="auto"
      onBlur={[Function]}
      onChange={[Function]}
      onFocus={[Function]}
      onKeyDown={[Function]}
      onKeyPress={[Function]}
      onSelect={[Function]}
      readOnly={false}
      spellCheck={true}
      type="text"
      value=""
    />
  </div>
  <div
    className="css-view-1dbjc4n r-flexDirection-18u37iz r-height-1ugchlj r-marginTop-knv0ih r-width-17x6qj0"
  >
    <div
      className="css-view-1dbjc4n r-alignItems-1awozwy r-backgroundColor-1jb27wt r-borderBottomLeftRadius-5kex9v r-borderColor-17xuhkx r-borderTopLeftRadius-1ct94d3 r-borderWidth-rs99b7 r-display-6koalj r-height-1ugchlj r-justifyContent-1777fci r-width-1yvhtrz"
    >
      <div
        className="css-text-901oao r-color-jwli3a r-fontFamily-vnw8o6 r-fontSize-ubezar r-fontWeight-1it3c9n r-lineHeight-hbpseb r-textAlign-q4m81j r-textDecorationLine-13wfysu r-textTransform-3twk1y"
        dir="auto"
      >
        10
      </div>
    </div>
    <input
      autoCapitalize="sentences"
      autoComplete="on"
      autoCorrect="on"
      className="css-textinput-11aywtz r-backgroundColor-14lw9ot r-borderBottomRightRadius-1inxgn4 r-borderColor-17xuhkx r-borderTopRightRadius-3y0fky r-borderWidth-rs99b7 r-flex-13awgt0 r-height-1ugchlj r-justifyContent-1777fci r-paddingLeft-1qhn6m8 r-width-v53qcl"
      data-focusable={true}
      dir="auto"
      onBlur={[Function]}
      onChange={[Function]}
      onFocus={[Function]}
      onKeyDown={[Function]}
      onKeyPress={[Function]}
      onSelect={[Function]}
      readOnly={false}
      spellCheck={true}
      type="text"
      value=""
    />
  </div>
  <div
    className="css-view-1dbjc4n r-flexDirection-18u37iz r-height-1ugchlj r-marginTop-knv0ih r-width-17x6qj0"
  >
    <div
      className="css-view-1dbjc4n r-alignItems-1awozwy r-backgroundColor-1jb27wt r-borderBottomLeftRadius-5kex9v r-borderColor-17xuhkx r-borderTopLeftRadius-1ct94d3 r-borderWidth-rs99b7 r-display-6koalj r-height-1ugchlj r-justifyContent-1777fci r-width-1yvhtrz"
    >
      <div
        className="css-text-901oao r-color-jwli3a r-fontFamily-vnw8o6 r-fontSize-ubezar r-fontWeight-1it3c9n r-lineHeight-hbpseb r-textAlign-q4m81j r-textDecorationLine-13wfysu r-textTransform-3twk1y"
        dir="auto"
      >
        11
      </div>
    </div>
    <input
      autoCapitalize="sentences"
      autoComplete="on"
      autoCorrect="on"
      className="css-textinput-11aywtz r-backgroundColor-14lw9ot r-borderBottomRightRadius-1inxgn4 r-borderColor-17xuhkx r-borderTopRightRadius-3y0fky r-borderWidth-rs99b7 r-flex-13awgt0 r-height-1ugchlj r-justifyContent-1777fci r-paddingLeft-1qhn6m8 r-width-v53qcl"
      data-focusable={true}
      dir="auto"
      onBlur={[Function]}
      onChange={[Function]}
      onFocus={[Function]}
      onKeyDown={[Function]}
      onKeyPress={[Function]}
      onSelect={[Function]}
      readOnly={false}
      spellCheck={true}
      type="text"
      value=""
    />
  </div>
  <div
    className="css-view-1dbjc4n r-flexDirection-18u37iz r-height-1ugchlj r-marginTop-knv0ih r-width-17x6qj0"
  >
    <div
      className="css-view-1dbjc4n r-alignItems-1awozwy r-backgroundColor-1jb27wt r-borderBottomLeftRadius-5kex9v r-borderColor-17xuhkx r-borderTopLeftRadius-1ct94d3 r-borderWidth-rs99b7 r-display-6koalj r-height-1ugchlj r-justifyContent-1777fci r-width-1yvhtrz"
    >
      <div
        className="css-text-901oao r-color-jwli3a r-fontFamily-vnw8o6 r-fontSize-ubezar r-fontWeight-1it3c9n r-lineHeight-hbpseb r-textAlign-q4m81j r-textDecorationLine-13wfysu r-textTransform-3twk1y"
        dir="auto"
      >
        12
      </div>
    </div>
    <input
      autoCapitalize="sentences"
      autoComplete="on"
      autoCorrect="on"
      className="css-textinput-11aywtz r-backgroundColor-14lw9ot r-borderBottomRightRadius-1inxgn4 r-borderColor-17xuhkx r-borderTopRightRadius-3y0fky r-borderWidth-rs99b7 r-flex-13awgt0 r-height-1ugchlj r-justifyContent-1777fci r-paddingLeft-1qhn6m8 r-width-v53qcl"
      data-focusable={true}
      dir="auto"
      onBlur={[Function]}
      onChange={[Function]}
      onFocus={[Function]}
      onKeyDown={[Function]}
      onKeyPress={[Function]}
      onSelect={[Function]}
      readOnly={false}
      spellCheck={true}
      type="text"
      value=""
    />
  </div>
</div>
`;
