// Jest Snapshot v1, https://goo.gl/fbAQLP

exports[`Claim matches snapshot 1`] = `
<div
  className="css-view-1dbjc4n r-flex-13awgt0 r-pointerEvents-12vffkv"
>
  <div
    className="css-view-1dbjc4n r-flexGrow-16y2uox r-maxHeight-1qalap5 r-position-bnwqim r-width-13qz1uu"
    data-name="viewWrapper"
  >
    <div
      className="css-view-1dbjc4n r-position-u8s1d"
      style={
        Object {
          "backgroundImage": "linear-gradient(to bottom, #00AFFF, #2DC0F7, #28C0EF, #23C0E7, #1EC1DF, #19C1D7, #14C1CF, #0FC2C7, #0FC2C7, #0AC2BF, #05C2B7, #00C3AF)",
          "borderBottomLeftRadius": "50%",
          "borderBottomRightRadius": "50%",
          "height": "74%",
          "right": "-50%",
          "width": "200%",
        }
      }
    >
      <div
        className="css-view-1dbjc4n r-height-1pi2tsx r-position-u8s1d r-width-13qz1uu"
        style={
          Object {
            "borderBottomColor": "rgba(255,255,255,1.00)",
            "borderBottomLeftRadius": "50%",
            "borderBottomRightRadius": "50%",
            "borderBottomStyle": "solid",
            "borderBottomWidth": "3px",
            "borderLeftStyle": "solid",
            "borderRightStyle": "solid",
            "borderTopStyle": "solid",
            "top": "-5px",
          }
        }
      />
    </div>
    <div
      className="css-view-1dbjc4n r-alignItems-1oszu61 r-backgroundColor-1niwhzg r-flexDirection-eqz5dr r-flexGrow-16y2uox r-height-1pi2tsx r-justifyContent-1wtj0ep r-paddingHorizontal-mk0yit r-paddingVertical-rjfia"
    >
      <div
        className="css-view-1dbjc4n r-alignItems-1awozwy r-display-6koalj r-flexDirection-eqz5dr r-marginBottom-1ifxtd0 r-marginTop-1444osr r-position-bnwqim"
      >
        <div
          className="css-text-901oao r-color-jwli3a r-fontFamily-6jnb14 r-fontSize-1ra0lkn r-fontWeight-b88u0q r-lineHeight-17rnw9f r-marginBottom-15d164r r-textAlign-q4m81j r-textDecorationLine-13wfysu r-textTransform-3twk1y"
          dir="auto"
        >
          Just a Few More
Hours To Go...
        </div>
      </div>
      <div
        className="css-view-1dbjc4n r-alignItems-1awozwy r-flexDirection-eqz5dr r-justifyContent-17s6mgv r-marginBottom-117bsoe r-zIndex-184en5c"
      >
        <div
          className="css-text-901oao r-color-jwli3a r-fontFamily-vnw8o6 r-fontSize-1b43r93 r-fontWeight-1it3c9n r-lineHeight-hbpseb r-textAlign-q4m81j r-textDecorationLine-13wfysu r-textTransform-3twk1y"
          dir="auto"
        >
          GoodDollar is the world’s first experiment
to create a framework to generate
UBI on a global scale.

          <span
            className="css-text-901oao css-textHasAncestor-16my406 r-color-jwli3a r-cursor-1loqt21 r-fontFamily-6jnb14 r-fontSize-1b43r93 r-fontWeight-b88u0q r-lineHeight-hbpseb r-textAlign-q4m81j r-textDecorationLine-1ddef8g r-textTransform-3twk1y"
            data-focusable={true}
            dir="auto"
            onClick={[Function]}
            onKeyDown={[Function]}
            tabIndex="0"
          >
            Learn More
          </span>
        </div>
      </div>
      <div
        className="css-view-1dbjc4n r-height-x3dn3n r-width-14taxks"
      />
      <div
        className="css-view-1dbjc4n r-alignItems-1awozwy r-bottom-myce60 r-flexDirection-eqz5dr r-justifyContent-1wtj0ep r-position-u8s1d r-width-13qz1uu r-zIndex-184en5c"
      >
        <div
          className="css-view-1dbjc4n r-alignItems-1awozwy r-height-x3dn3n r-width-14taxks"
          style={
            Object {
              "WebkitTransform": "scale(1)",
              "transform": "scale(1)",
            }
          }
        >
          <div
            className="css-view-1dbjc4n r-flex-13awgt0 r-left-1d2f490 r-position-u8s1d r-top-ipm5af r-zIndex-184en5c"
            style={
              Object {
                "WebkitTransform": "perspective(0px) rotateY(0deg)",
                "bottom": "0px",
                "opacity": 100,
                "right": "0px",
                "transform": "perspective(0px) rotateY(0deg)",
              }
            }
          >
            <div
              className="css-view-1dbjc4n r-alignItems-1awozwy r-display-6koalj r-flexDirection-eqz5dr r-height-1wztat5 r-justifyContent-1777fci"
              style={
                Object {
                  "backgroundColor": "rgba(248,175,64,1.00)",
                  "borderBottomColor": "rgba(255,255,255,1.00)",
                  "borderBottomLeftRadius": "70px",
                  "borderBottomRightRadius": "70px",
                  "borderBottomStyle": "solid",
                  "borderBottomWidth": "3px",
                  "borderLeftColor": "rgba(255,255,255,1.00)",
                  "borderLeftStyle": "solid",
                  "borderLeftWidth": "3px",
                  "borderRightColor": "rgba(255,255,255,1.00)",
                  "borderRightStyle": "solid",
                  "borderRightWidth": "3px",
                  "borderTopColor": "rgba(255,255,255,1.00)",
                  "borderTopLeftRadius": "70px",
                  "borderTopRightRadius": "70px",
                  "borderTopStyle": "solid",
                  "borderTopWidth": "3px",
                  "boxShadow": "10px 12px 25px -14px, 0px 0.75px 1.5px rgba(0,0,0,0.24)",
                  "marginBottom": "0px",
                  "marginLeft": "0px",
                  "marginRight": "0px",
                  "marginTop": "0px",
                  "minHeight": "44px",
                  "minWidth": "auto",
                  "paddingBottom": "0px",
                  "paddingLeft": "0px",
                  "paddingRight": "0px",
                  "paddingTop": "0px",
                  "width": "140px",
                }
              }
            >
              <div
                className="css-cursor-18t94o4 css-view-1dbjc4n r-cursor-1loqt21 r-flex-13awgt0 r-overflow-1udh08x r-position-bnwqim r-touchAction-1otgn73"
                data-focusable={true}
                disabled={false}
                onKeyDown={[Function]}
                onKeyPress={[Function]}
                onKeyUp={[Function]}
                onResponderGrant={[Function]}
                onResponderMove={[Function]}
                onResponderRelease={[Function]}
                onResponderTerminate={[Function]}
                onResponderTerminationRequest={[Function]}
                onStartShouldSetResponder={[Function]}
                role="button"
                style={
                  Object {
                    "WebkitAlignSelf": "stretch",
                    "alignSelf": "stretch",
                    "borderBottomLeftRadius": "70px",
                    "borderBottomRightRadius": "70px",
                    "borderTopLeftRadius": "70px",
                    "borderTopRightRadius": "70px",
                    "msFlexItemAlign": "stretch",
                  }
                }
                tabIndex="0"
              >
                <div
                  className="css-view-1dbjc4n r-alignItems-1awozwy r-flex-13awgt0 r-flexDirection-18u37iz r-justifyContent-1777fci"
                  style={
                    Object {
                      "WebkitAlignSelf": "stretch",
                      "alignSelf": "stretch",
                      "msFlexItemAlign": "stretch",
                    }
                  }
                >
                  <div
                    className="css-view-1dbjc4n r-marginHorizontal-1ybube5 r-marginVertical-712mwr"
                  >
                    <div
                      className="css-view-1dbjc4n r-alignItems-1awozwy r-display-6koalj r-flex-13awgt0 r-flexDirection-18u37iz"
                    >
                      <div
                        className="css-view-1dbjc4n r-flexDirection-eqz5dr r-height-1wztat5"
                      >
                        <div
                          className="css-view-1dbjc4n r-left-1d2f490 r-marginBottom-15d164r r-marginTop-1x0uki6 r-position-bnwqim r-top-ipm5af"
                        >
                          <div
                            className="css-text-901oao r-color-cddv6f r-fontFamily-vnw8o6 r-fontSize-1b43r93 r-fontWeight-b88u0q r-letterSpacing-i0j7gm r-lineHeight-hbpseb r-textAlign-q4m81j r-textDecorationLine-13wfysu r-textTransform-3twk1y"
                            dir="auto"
                          >
                            Your next
                          </div>
                          <div
                            className="css-text-901oao r-color-cddv6f r-fontFamily-vnw8o6 r-fontSize-1b43r93 r-fontWeight-b88u0q r-letterSpacing-i0j7gm r-lineHeight-hbpseb r-textAlign-q4m81j r-textDecorationLine-13wfysu r-textTransform-3twk1y"
                            dir="auto"
                          >
                            daily claim:
                          </div>
                        </div>
                        <div
                          className="css-view-1dbjc4n r-alignItems-mbwzsl r-flexDirection-18u37iz r-flexGrow-16y2uox r-justifyContent-1777fci r-minHeight-ifefl9"
                        >
                          <div
                            className="css-text-901oao r-color-jwli3a r-fontFamily-6jnb14 r-fontSize-1ra0lkn r-fontWeight-b88u0q r-lineHeight-ueyrd6 r-textAlign-q4m81j r-textDecorationLine-13wfysu r-textTransform-3twk1y r-width-12ym1je"
                            dir="auto"
                          >
                            -
                          </div>
                          <div
                            className="css-text-901oao r-color-jwli3a r-fontFamily-6jnb14 r-fontSize-1ra0lkn r-fontWeight-b88u0q r-lineHeight-ueyrd6 r-textAlign-q4m81j r-textDecorationLine-13wfysu r-textTransform-3twk1y r-width-12ym1je"
                            dir="auto"
                          >
                            -
                          </div>
                          <div
                            className="css-text-901oao r-color-jwli3a r-fontFamily-6jnb14 r-fontSize-1ra0lkn r-fontWeight-b88u0q r-lineHeight-ueyrd6 r-textAlign-q4m81j r-textDecorationLine-13wfysu r-textTransform-3twk1y r-width-1jg9483"
                            dir="auto"
                          >
                            :
                          </div>
                          <div
                            className="css-text-901oao r-color-jwli3a r-fontFamily-6jnb14 r-fontSize-1ra0lkn r-fontWeight-b88u0q r-lineHeight-ueyrd6 r-textAlign-q4m81j r-textDecorationLine-13wfysu r-textTransform-3twk1y r-width-12ym1je"
                            dir="auto"
                          >
                            -
                          </div>
                          <div
                            className="css-text-901oao r-color-jwli3a r-fontFamily-6jnb14 r-fontSize-1ra0lkn r-fontWeight-b88u0q r-lineHeight-ueyrd6 r-textAlign-q4m81j r-textDecorationLine-13wfysu r-textTransform-3twk1y r-width-12ym1je"
                            dir="auto"
                          >
                            -
                          </div>
                          <div
                            className="css-text-901oao r-color-jwli3a r-fontFamily-6jnb14 r-fontSize-1ra0lkn r-fontWeight-b88u0q r-lineHeight-ueyrd6 r-textAlign-q4m81j r-textDecorationLine-13wfysu r-textTransform-3twk1y r-width-1jg9483"
                            dir="auto"
                          >
                            :
                          </div>
                          <div
                            className="css-text-901oao r-color-jwli3a r-fontFamily-6jnb14 r-fontSize-1ra0lkn r-fontWeight-b88u0q r-lineHeight-ueyrd6 r-textAlign-q4m81j r-textDecorationLine-13wfysu r-textTransform-3twk1y r-width-12ym1je"
                            dir="auto"
                          >
                            -
                          </div>
                          <div
                            className="css-text-901oao r-color-jwli3a r-fontFamily-6jnb14 r-fontSize-1ra0lkn r-fontWeight-b88u0q r-lineHeight-ueyrd6 r-textAlign-q4m81j r-textDecorationLine-13wfysu r-textTransform-3twk1y r-width-12ym1je"
                            dir="auto"
                          >
                            -
                          </div>
                        </div>
                      </div>
                    </div>
                  </div>
                </div>
              </div>
            </div>
          </div>
          <div
            className="css-view-1dbjc4n r-flex-13awgt0 r-left-1d2f490 r-position-u8s1d r-top-ipm5af"
            style={
              Object {
                "WebkitTransform": "perspective(0px) rotateY(-180deg)",
                "bottom": "0px",
                "opacity": 0,
                "right": "0px",
                "transform": "perspective(0px) rotateY(-180deg)",
                "zIndex": 0,
              }
            }
          >
            <div
              className="css-view-1dbjc4n r-alignItems-1awozwy r-display-6koalj r-height-1wztat5 r-justifyContent-1777fci"
              style={
                Object {
                  "backgroundColor": "rgba(0,175,255,1.00)",
                  "borderBottomColor": "rgba(255,255,255,1.00)",
                  "borderBottomLeftRadius": "70px",
                  "borderBottomRightRadius": "70px",
                  "borderBottomStyle": "solid",
                  "borderBottomWidth": "3px",
                  "borderLeftColor": "rgba(255,255,255,1.00)",
                  "borderLeftStyle": "solid",
                  "borderLeftWidth": "3px",
                  "borderRightColor": "rgba(255,255,255,1.00)",
                  "borderRightStyle": "solid",
                  "borderRightWidth": "3px",
                  "borderTopColor": "rgba(255,255,255,1.00)",
                  "borderTopLeftRadius": "70px",
                  "borderTopRightRadius": "70px",
                  "borderTopStyle": "solid",
                  "borderTopWidth": "3px",
                  "boxShadow": "10px 12px 25px -14px, 0px 0.75px 1.5px rgba(0,0,0,0.24)",
                  "marginBottom": "0px",
                  "marginLeft": "0px",
                  "marginRight": "0px",
                  "marginTop": "0px",
                  "minHeight": "44px",
                  "minWidth": "auto",
                  "paddingBottom": "0px",
                  "paddingLeft": "0px",
                  "paddingRight": "0px",
                  "paddingTop": "0px",
                  "width": "140px",
                }
              }
            >
              <div
                className="css-cursor-18t94o4 css-view-1dbjc4n r-cursor-1loqt21 r-flex-13awgt0 r-overflow-1udh08x r-position-bnwqim r-touchAction-1otgn73"
                data-focusable={true}
                disabled={false}
                onKeyDown={[Function]}
                onKeyPress={[Function]}
                onKeyUp={[Function]}
                onResponderGrant={[Function]}
                onResponderMove={[Function]}
                onResponderRelease={[Function]}
                onResponderTerminate={[Function]}
                onResponderTerminationRequest={[Function]}
                onStartShouldSetResponder={[Function]}
                role="button"
                style={
                  Object {
                    "WebkitAlignSelf": "stretch",
                    "alignSelf": "stretch",
                    "borderBottomLeftRadius": "70px",
                    "borderBottomRightRadius": "70px",
                    "borderTopLeftRadius": "70px",
                    "borderTopRightRadius": "70px",
                    "msFlexItemAlign": "stretch",
                  }
                }
                tabIndex="0"
              >
                <div
                  className="css-view-1dbjc4n r-alignItems-1awozwy r-flex-13awgt0 r-flexDirection-18u37iz r-justifyContent-1777fci"
                  style={
                    Object {
                      "WebkitAlignSelf": "stretch",
                      "alignSelf": "stretch",
                      "msFlexItemAlign": "stretch",
                    }
                  }
                >
                  <div
                    className="css-view-1dbjc4n r-marginHorizontal-1ybube5 r-marginVertical-712mwr"
                  >
                    <div
                      className="css-view-1dbjc4n r-alignItems-1awozwy r-display-6koalj r-flex-13awgt0 r-flexDirection-18u37iz"
                    >
                      <div
                        className="css-view-1dbjc4n r-flexDirection-eqz5dr r-height-1wztat5"
                      >
                        <div
                          className="css-view-1dbjc4n r-left-1d2f490 r-marginBottom-15d164r r-marginTop-1x0uki6 r-position-bnwqim r-top-ipm5af"
                        >
                          <div
                            className="css-text-901oao r-color-cddv6f r-fontFamily-vnw8o6 r-fontSize-1b43r93 r-fontWeight-b88u0q r-letterSpacing-i0j7gm r-lineHeight-hbpseb r-textAlign-q4m81j r-textDecorationLine-13wfysu r-textTransform-3twk1y"
                            dir="auto"
                          >
                            Your next
                          </div>
                          <div
                            className="css-text-901oao r-color-cddv6f r-fontFamily-vnw8o6 r-fontSize-1b43r93 r-fontWeight-b88u0q r-letterSpacing-i0j7gm r-lineHeight-hbpseb r-textAlign-q4m81j r-textDecorationLine-13wfysu r-textTransform-3twk1y"
                            dir="auto"
                          >
                            daily claim:
                          </div>
                        </div>
                        <div
                          className="css-view-1dbjc4n r-alignItems-mbwzsl r-flexDirection-18u37iz r-flexGrow-16y2uox r-justifyContent-1777fci r-minHeight-ifefl9"
                        >
                          <div
                            className="css-text-901oao r-color-jwli3a r-fontFamily-6jnb14 r-fontSize-1ra0lkn r-fontWeight-b88u0q r-lineHeight-ueyrd6 r-textAlign-q4m81j r-textDecorationLine-13wfysu r-textTransform-3twk1y r-width-12ym1je"
                            dir="auto"
                          >
                            -
                          </div>
                          <div
                            className="css-text-901oao r-color-jwli3a r-fontFamily-6jnb14 r-fontSize-1ra0lkn r-fontWeight-b88u0q r-lineHeight-ueyrd6 r-textAlign-q4m81j r-textDecorationLine-13wfysu r-textTransform-3twk1y r-width-12ym1je"
                            dir="auto"
                          >
                            -
                          </div>
                          <div
                            className="css-text-901oao r-color-jwli3a r-fontFamily-6jnb14 r-fontSize-1ra0lkn r-fontWeight-b88u0q r-lineHeight-ueyrd6 r-textAlign-q4m81j r-textDecorationLine-13wfysu r-textTransform-3twk1y r-width-1jg9483"
                            dir="auto"
                          >
                            :
                          </div>
                          <div
                            className="css-text-901oao r-color-jwli3a r-fontFamily-6jnb14 r-fontSize-1ra0lkn r-fontWeight-b88u0q r-lineHeight-ueyrd6 r-textAlign-q4m81j r-textDecorationLine-13wfysu r-textTransform-3twk1y r-width-12ym1je"
                            dir="auto"
                          >
                            -
                          </div>
                          <div
                            className="css-text-901oao r-color-jwli3a r-fontFamily-6jnb14 r-fontSize-1ra0lkn r-fontWeight-b88u0q r-lineHeight-ueyrd6 r-textAlign-q4m81j r-textDecorationLine-13wfysu r-textTransform-3twk1y r-width-12ym1je"
                            dir="auto"
                          >
                            -
                          </div>
                          <div
                            className="css-text-901oao r-color-jwli3a r-fontFamily-6jnb14 r-fontSize-1ra0lkn r-fontWeight-b88u0q r-lineHeight-ueyrd6 r-textAlign-q4m81j r-textDecorationLine-13wfysu r-textTransform-3twk1y r-width-1jg9483"
                            dir="auto"
                          >
                            :
                          </div>
                          <div
                            className="css-text-901oao r-color-jwli3a r-fontFamily-6jnb14 r-fontSize-1ra0lkn r-fontWeight-b88u0q r-lineHeight-ueyrd6 r-textAlign-q4m81j r-textDecorationLine-13wfysu r-textTransform-3twk1y r-width-12ym1je"
                            dir="auto"
                          >
                            -
                          </div>
                          <div
                            className="css-text-901oao r-color-jwli3a r-fontFamily-6jnb14 r-fontSize-1ra0lkn r-fontWeight-b88u0q r-lineHeight-ueyrd6 r-textAlign-q4m81j r-textDecorationLine-13wfysu r-textTransform-3twk1y r-width-12ym1je"
                            dir="auto"
                          >
                            -
                          </div>
                        </div>
                      </div>
                    </div>
                  </div>
                </div>
              </div>
            </div>
          </div>
        </div>
      </div>
      <div
        className="css-view-1dbjc4n r-height-tmtnm0"
      />
      <div
        className="css-view-1dbjc4n r-alignItems-1awozwy r-flexDirection-18u37iz r-height-1yqfiw1 r-justifyContent-1wtj0ep r-position-u8s1d r-top-f3q0d7 r-width-13qz1uu"
      >
        <div
          className="css-view-1dbjc4n r-alignItems-1awozwy r-flex-13awgt0 r-flexDirection-18u37iz r-fontSize-1b43r93 r-justifyContent-1777fci"
        >
          <div
            className="css-text-901oao r-color-cddv6f r-fontFamily-vnw8o6 r-fontSize-1b43r93 r-fontWeight-1it3c9n r-lineHeight-hbpseb r-textAlign-q4m81j r-textDecorationLine-13wfysu r-textTransform-3twk1y"
            dir="auto"
          >
            Today 
          </div>
          <div
            className="css-view-1dbjc4n r-alignItems-1awozwy r-flexDirection-18u37iz r-fontSize-1b43r93 r-justifyContent-1wtj0ep"
          >
            <div
              className="css-view-1dbjc4n r-alignItems-1d09ksm r-display-s88bda r-flexDirection-18u37iz"
            >
              <div
                className="css-text-901oao r-color-cqee49 r-fontFamily-vnw8o6 r-fontSize-1b43r93 r-fontWeight-b88u0q r-lineHeight-hbpseb r-marginRight-a5pmau r-textAlign-1ff274t r-textDecorationLine-13wfysu r-textTransform-3twk1y"
                dir="auto"
              >
                0
              </div>
              <div
                className="css-view-1dbjc4n r-alignItems-1awozwy r-flexDirection-18u37iz r-justifyContent-1wtj0ep"
              >
                <div
                  className="css-text-901oao r-color-cqee49 r-fontFamily-vnw8o6 r-fontSize-1b43r93 r-fontWeight-b88u0q r-lineHeight-hbpseb r-textAlign-1ff274t r-textDecorationLine-13wfysu r-textTransform-3twk1y"
                  dir="auto"
                >
                  G
                </div>
                <div
                  className="css-text-901oao r-color-cqee49 r-fontFamily-vnw8o6 r-fontSize-1b43r93 r-fontWeight-b88u0q r-lineHeight-hbpseb r-textAlign-1ff274t r-textDecorationLine-13wfysu r-textTransform-3twk1y"
                  dir="auto"
                >
                  $
                </div>
              </div>
            </div>
          </div>
          <div
            className="css-text-901oao r-color-cddv6f r-fontFamily-vnw8o6 r-fontSize-1b43r93 r-fontWeight-1it3c9n r-lineHeight-hbpseb r-textAlign-q4m81j r-textDecorationLine-13wfysu r-textTransform-3twk1y"
            dir="auto"
          >
             Claimed by 
          </div>
          <div
            className="css-text-901oao r-color-cqee49 r-fontFamily-vnw8o6 r-fontSize-1b43r93 r-fontWeight-b88u0q r-lineHeight-hbpseb r-textAlign-q4m81j r-textDecorationLine-13wfysu r-textTransform-3twk1y"
            dir="auto"
          >
            0
             
          </div>
          <div
            className="css-text-901oao r-color-cddv6f r-fontFamily-vnw8o6 r-fontSize-1b43r93 r-fontWeight-1it3c9n r-lineHeight-hbpseb r-textAlign-q4m81j r-textDecorationLine-13wfysu r-textTransform-3twk1y"
            dir="auto"
          >
            Good People
          </div>
        </div>
      </div>
    </div>
  </div>
</div>
`;
