// Jest Snapshot v1, https://goo.gl/fbAQLP

exports[`FaceRecognition Rendering matches snapshot 1`] = `
<div
  className="css-view-1dbjc4n"
  style={
    Object {
      "WebkitBoxFlex": 1,
      "WebkitFlexBasis": "0%",
      "WebkitFlexGrow": 1,
      "WebkitFlexShrink": 1,
      "flexBasis": "0%",
      "flexGrow": 1,
      "flexShrink": 1,
      "msFlexNegative": 1,
      "msFlexPositive": 1,
      "msFlexPreferredSize": "0%",
    }
  }
>
  <div
    className="css-view-1dbjc4n"
    style={
      Object {
        "WebkitBoxFlex": 1,
        "WebkitFlexBasis": "0%",
        "WebkitFlexGrow": 1,
        "WebkitFlexShrink": 1,
        "display": "flex",
        "flexBasis": "0%",
        "flexGrow": 1,
        "flexShrink": 1,
        "msFlexNegative": 1,
        "msFlexPositive": 1,
        "msFlexPreferredSize": "0%",
      }
    }
  >
    <div
      className="css-view-1dbjc4n"
      style={
        Object {
          "WebkitAlignItems": "stretch",
          "WebkitBoxAlign": "stretch",
          "WebkitBoxDirection": "normal",
          "WebkitBoxFlex": 1,
          "WebkitBoxOrient": "horizontal",
          "WebkitBoxPack": "center",
          "WebkitFlexBasis": "0%",
          "WebkitFlexDirection": "row",
          "WebkitFlexGrow": 1,
          "WebkitFlexShrink": 1,
          "WebkitJustifyContent": "center",
          "alignItems": "stretch",
          "display": "flex",
          "flexBasis": "0%",
          "flexDirection": "row",
          "flexGrow": 1,
          "flexShrink": 1,
          "justifyContent": "center",
          "msFlexAlign": "stretch",
          "msFlexDirection": "row",
          "msFlexNegative": 1,
          "msFlexPack": "center",
          "msFlexPositive": 1,
          "msFlexPreferredSize": "0%",
        }
      }
    >
      <div
        className="css-view-1dbjc4n"
        style={
          Object {
            "WebkitAlignItems": "stretch",
            "WebkitBoxAlign": "stretch",
            "WebkitBoxDirection": "normal",
            "WebkitBoxFlex": 1,
            "WebkitBoxOrient": "vertical",
            "WebkitBoxPack": "justify",
            "WebkitFlexBasis": "0%",
            "WebkitFlexDirection": "column",
            "WebkitFlexGrow": 1,
            "WebkitFlexShrink": 1,
            "WebkitJustifyContent": "space-between",
            "alignItems": "stretch",
            "display": "flex",
            "flexBasis": "0%",
            "flexDirection": "column",
            "flexGrow": 1,
            "flexShrink": 1,
            "justifyContent": "space-between",
            "msFlexAlign": "stretch",
            "msFlexDirection": "column",
            "msFlexNegative": 1,
            "msFlexPack": "justify",
            "msFlexPositive": 1,
            "msFlexPreferredSize": "0%",
            "paddingBottom": "1rem",
            "paddingLeft": "1rem",
            "paddingRight": "1rem",
            "paddingTop": "1rem",
            "width": "100%",
          }
        }
      >
        <div
          className="css-view-1dbjc4n"
          style={
            Object {
              "WebkitBoxFlex": 1,
              "WebkitBoxPack": "space-evenly",
              "WebkitFlexBasis": "0%",
              "WebkitFlexGrow": 1,
              "WebkitFlexShrink": 1,
              "WebkitJustifyContent": "space-evenly",
              "display": "flex",
              "flexBasis": "0%",
              "flexGrow": 1,
              "flexShrink": 1,
              "justifyContent": "space-evenly",
              "msFlexNegative": 1,
              "msFlexPack": "space-evenly",
              "msFlexPositive": 1,
              "msFlexPreferredSize": "0%",
              "paddingTop": "30px",
            }
          }
        >
          <div
            className="css-text-76zvg2"
            dir="auto"
            style={
              Object {
                "color": "rgba(85,85,85,1.00)",
                "fontSize": "18px",
                "textAlign": "center",
              }
            }
          >
            undefined, Just one more thing before we can get started...
          </div>
          <div
            className="css-text-76zvg2"
            dir="auto"
            style={
              Object {
                "color": "rgba(85,85,85,1.00)",
                "fontSize": "20px",
                "textAlign": "center",
              }
            }
          >
            Since it's your first time sending G$, we need to make sure it's really
              you and prevent other people from creating multiple accounts.
          </div>
        </div>
        <div
          className="css-view-1dbjc4n"
          style={
            Object {
              "WebkitBoxFlex": 1,
              "WebkitBoxPack": "end",
              "WebkitFlexBasis": "0%",
              "WebkitFlexGrow": 1,
              "WebkitFlexShrink": 1,
              "WebkitJustifyContent": "flex-end",
              "display": "flex",
              "flexBasis": "0%",
              "flexGrow": 1,
              "flexShrink": 1,
              "justifyContent": "flex-end",
              "msFlexNegative": 1,
              "msFlexPack": "end",
              "msFlexPositive": 1,
              "msFlexPreferredSize": "0%",
              "paddingTop": "20px",
            }
          }
        >
          <div
            className="css-view-1dbjc4n"
            style={
              Object {
                "WebkitBoxPack": "center",
                "WebkitJustifyContent": "center",
                "backgroundColor": "rgba(85,85,85,1.00)",
                "borderBottomColor": "rgba(0,0,0,0.00)",
                "borderBottomLeftRadius": "4px",
                "borderBottomRightRadius": "4px",
                "borderBottomStyle": "solid",
                "borderBottomWidth": "0px",
                "borderLeftColor": "rgba(0,0,0,0.00)",
                "borderLeftStyle": "solid",
                "borderLeftWidth": "0px",
                "borderRightColor": "rgba(0,0,0,0.00)",
                "borderRightStyle": "solid",
                "borderRightWidth": "0px",
                "borderTopColor": "rgba(0,0,0,0.00)",
                "borderTopLeftRadius": "4px",
                "borderTopRightRadius": "4px",
                "borderTopStyle": "solid",
                "borderTopWidth": "0px",
                "boxShadow": "0px 0.75px 1.5px rgba(0,0,0,0.24)",
                "justifyContent": "center",
                "minWidth": "auto",
                "msFlexPack": "center",
              }
            }
          >
            <div
              className="css-cursor-18t94o4 css-view-1dbjc4n"
              data-focusable={true}
              disabled={false}
              onKeyDown={[Function]}
              onKeyPress={[Function]}
              onKeyUp={[Function]}
              onResponderGrant={[Function]}
              onResponderMove={[Function]}
              onResponderRelease={[Function]}
              onResponderTerminate={[Function]}
              onResponderTerminationRequest={[Function]}
              onStartShouldSetResponder={[Function]}
              role="button"
              style={
                Object {
                  "borderBottomLeftRadius": "4px",
                  "borderBottomRightRadius": "4px",
                  "borderTopLeftRadius": "4px",
                  "borderTopRightRadius": "4px",
                  "cursor": "pointer",
                  "msTouchAction": "manipulation",
                  "overflowX": "hidden",
                  "overflowY": "hidden",
                  "position": "relative",
                  "touchAction": "manipulation",
                }
              }
              tabIndex="0"
            >
              <div
                className="css-view-1dbjc4n"
                style={
                  Object {
                    "WebkitAlignItems": "center",
                    "WebkitBoxAlign": "center",
                    "WebkitBoxDirection": "normal",
                    "WebkitBoxOrient": "horizontal",
                    "WebkitBoxPack": "center",
                    "WebkitFlexDirection": "row",
                    "WebkitJustifyContent": "center",
                    "alignItems": "center",
                    "flexDirection": "row",
                    "justifyContent": "center",
                    "msFlexAlign": "center",
                    "msFlexDirection": "row",
                    "msFlexPack": "center",
                  }
                }
              >
                <div
                  className="css-text-76zvg2 css-textOneLine-bfa6kz"
                  dir="auto"
                  style={
                    Object {
                      "color": "rgba(255,255,255,1.00)",
                      "direction": "ltr",
                      "fontFamily": "Roboto-Medium, Roboto, \\"Helvetica Neue\\", Helvetica, Arial, sans-serif",
                      "letterSpacing": "1px",
                      "marginBottom": "9px",
                      "marginLeft": "8px",
                      "marginRight": "8px",
                      "marginTop": "9px",
                      "textAlign": "center",
                    }
                  }
                >
                  <span
                    className="css-text-76zvg2 css-textHasAncestor-16my406"
                    dir="auto"
                    style={
                      Object {
                        "direction": "ltr",
                        "fontFamily": "Roboto, \\"Helvetica Neue\\", Helvetica, Arial, sans-serif",
                        "fontSize": "18px",
                        "fontWeight": "bold",
                        "paddingBottom": "0px",
                        "paddingLeft": "0px",
                        "paddingRight": "0px",
                        "paddingTop": "0px",
                        "textAlign": "center",
                        "textTransform": "uppercase",
                      }
                    }
                  >
                    Quick Face Recognition
                  </span>
                </div>
              </div>
            </div>
          </div>
        </div>
      </div>
    </div>
  </div>
</div>
`;
