// Jest Snapshot v1, https://goo.gl/fbAQLP

exports[`SendToAddress matches snapshot 1`] = `
<div
  className="css-view-1dbjc4n r-flex-13awgt0 r-pointerEvents-12vffkv"
>
  <div
    className="css-view-1dbjc4n r-display-6koalj r-flexDirection-eqz5dr r-flexGrow-16y2uox r-maxHeight-87ditf r-overflowX-lltvgl r-overflowY-1rnoaur r-padding-edyy15 r-position-bnwqim r-width-13qz1uu"
    data-name="viewWrapper"
    style={
      Object {
        "backgroundImage": "linear-gradient(3.141592653589793rad,#00AFFF,#2DC0F7,#28C0EF,#23C0E7,#1EC1DF,#19C1D7,#14C1CF,#0FC2C7,#0FC2C7,#0AC2BF,#05C2B7,#00C3AF)",
      }
    }
  >
    <div
      className="css-view-1dbjc4n r-backgroundColor-14lw9ot r-borderRadius-1f0042m r-height-yivrw8 r-justifyContent-1777fci r-marginBottom-5oul0u r-paddingBottom-xd6kpl r-paddingHorizontal-1e081e0 r-paddingLeft-f727ji r-paddingRight-1pyaxff r-paddingTop-tskmnb r-paddingVertical-1yzf0co"
    >
      <div
        className="css-view-1dbjc4n r-alignItems-1awozwy r-flexDirection-18u37iz r-justifyContent-1wtj0ep"
      >
        <div
          className="css-view-1dbjc4n r-alignItems-1d09ksm r-display-6koalj r-flexDirection-18u37iz"
        >
          <div
            className="css-text-901oao r-color-181bzza r-fontFamily-6jnb14 r-fontSize-hiw28u r-fontWeight-b88u0q r-lineHeight-qvk6io r-marginRight-a5pmau r-textAlign-1ff274t r-textDecorationLine-13wfysu r-textTransform-3twk1y"
            dir="auto"
          >
            -.--
          </div>
          <div
            className="css-view-1dbjc4n r-alignItems-1awozwy r-flexDirection-18u37iz r-justifyContent-1wtj0ep"
          >
            <div
              className="css-text-901oao r-color-181bzza r-fontFamily-6jnb14 r-fontSize-hiw28u r-fontWeight-b88u0q r-lineHeight-qvk6io r-textAlign-1ff274t r-textDecorationLine-13wfysu r-textTransform-3twk1y"
              dir="auto"
            >
              G
            </div>
            <div
              className="css-text-901oao r-color-181bzza r-fontFamily-6jnb14 r-fontSize-hiw28u r-fontWeight-b88u0q r-lineHeight-qvk6io r-textAlign-1ff274t r-textDecorationLine-13wfysu r-textTransform-3twk1y"
              dir="auto"
            >
              $
            </div>
          </div>
        </div>
        <div
          className="css-view-1dbjc4n r-alignItems-1awozwy r-backgroundColor-qt01xk r-borderColor-y68mpx r-borderWidth-rs99b7 r-cursor-1loqt21 r-justifyContent-1777fci r-touchAction-1otgn73 r-transitionProperty-1i6wzkk r-userSelect-lrvibr"
          onClick={[Function]}
          onContextMenu={[Function]}
          onKeyDown={[Function]}
          style={
            Object {
              "WebkitTransitionDuration": "0s",
              "borderBottomLeftRadius": "21px",
              "borderBottomRightRadius": "21px",
              "borderTopLeftRadius": "21px",
              "borderTopRightRadius": "21px",
              "height": "42px",
              "transitionDuration": "0s",
              "width": "42px",
            }
          }
          tabIndex="0"
        >
          <div
            className="css-view-1dbjc4n"
            style={
              Object {
                "backgroundColor": "rgba(0,0,0,0.00)",
                "height": "42px",
                "width": "42px",
              }
            }
          >
            <unknownProfile.svg />
          </div>
        </div>
      </div>
    </div>
    <div
      className="css-view-1dbjc4n r-backgroundColor-14lw9ot r-borderRadius-1f0042m r-flexGrow-16y2uox r-paddingHorizontal-1e081e0 r-paddingVertical-1yzf0co"
    >
      <div
        className="css-view-1dbjc4n r-alignItems-1oszu61 r-flexDirection-eqz5dr r-height-1w2pmg r-minHeight-ifefl9"
        style={
          Object {
            "WebkitBoxPack": "start",
            "WebkitJustifyContent": "flex-start",
            "justifyContent": "flex-start",
            "msFlexPack": "start",
          }
        }
      >
        <div
          className="css-text-901oao r-color-cddv6f r-fontFamily-vnw8o6 r-fontSize-hiw28u r-fontWeight-majxgm r-lineHeight-qvk6io r-marginVertical-c8eef1 r-textAlign-q4m81j r-textDecorationLine-13wfysu r-textTransform-tsynxw"
          dir="auto"
        >
          Send To?
        </div>
        <div
          className="css-view-1dbjc4n r-marginBottom-5oul0u r-width-13qz1uu"
        >
          <div
            className="css-view-1dbjc4n r-marginBottom-5oul0u r-width-13qz1uu"
          >
            <input
              autoCapitalize="sentences"
              autoComplete="on"
              autoCorrect="on"
              autoFocus={true}
              className="css-textinput-11aywtz r-backgroundColor-14lw9ot r-borderBottomColor-1ny7kx0 r-borderBottomWidth-qklmqi r-color-cddv6f r-fontFamily-6jnb14 r-fontSize-hiw28u r-marginTop-1t01tom r-paddingHorizontal-1dye5f7 r-paddingVertical-oyd9sg r-placeholderTextColor-1xktb6b r-textAlign-q4m81j"
              dir="auto"
              maxLength={128}
              onBlur={[Function]}
              onChange={[Function]}
              onFocus={[Function]}
              onKeyDown={[Function]}
              onSelect={[Function]}
              onTouchStart={[Function]}
              placeholder="Enter Wallet Address"
              readOnly={false}
              spellCheck={true}
              type="text"
            />
            <div
              className="css-view-1dbjc4n r-bottom-ky29hr r-cursor-1loqt21 r-paddingTop-tskmnb r-position-u8s1d r-right-3mc0re r-touchAction-1otgn73 r-transitionProperty-1i6wzkk r-userSelect-lrvibr r-zIndex-184en5c"
              onClick={[Function]}
              onContextMenu={[Function]}
              onKeyDown={[Function]}
              style={
                Object {
                  "WebkitTransitionDuration": "0s",
                  "transitionDuration": "0s",
                }
              }
              tabIndex="0"
            >
              <div
                className="css-text-901oao r-color-cddv6f r-fontSize-hiw28u"
                dir="auto"
                style={
                  Object {
                    "fontFamily": "gooddollar",
                    "fontStyle": "normal",
                    "fontWeight": "normal",
                  }
                }
              >
                
              </div>
            </div>
          </div>
          <div
            className="css-text-901oao r-color-11zaip3 r-paddingHorizontal-1e081e0 r-paddingVertical-oyd9sg r-textAlign-q4m81j"
            dir="auto"
            style={
              Object {
                "WebkitTransform": "translateY(0px)",
                "direction": "ltr",
                "fontFamily": "Roboto, \\"Helvetica Neue\\", Helvetica, Arial, sans-serif",
                "fontSize": "12px",
                "fontWeight": "400",
                "height": "18px",
                "opacity": 0,
                "paddingBottom": "0px",
                "paddingLeft": "0px",
                "paddingTop": "0px",
                "transform": "translateY(0px)",
              }
            }
          />
        </div>
      </div>
      <div
        className="css-view-1dbjc4n r-backgroundColor-14lw9ot r-borderRadius-1f0042m r-flexGrow-16y2uox r-justifyContent-1777fci r-paddingHorizontal-1e081e0 r-paddingVertical-1yzf0co"
      >
        <div
          className="css-view-1dbjc4n r-alignItems-1awozwy r-borderColor-17xuhkx r-borderRadius-1f0042m r-borderStyle-1phboty r-borderWidth-d045u9 r-display-6koalj r-flexDirection-18u37iz r-justifyContent-a2tzq0 r-marginBottom-p1pxzi r-marginHorizontal-1jgb5lz r-paddingHorizontal-mk0yit r-paddingVertical-rjfia r-width-iyfy8q"
        >
          <div
            className="css-view-1dbjc4n r-display-6koalj r-flexDirection-eqz5dr r-height-1w2pmg r-justifyContent-1777fci r-marginRight-61z16t r-transform-1aeo46e r-width-1h2t8mc"
          >
            <div
              className="css-view-1dbjc4n"
            />
          </div>
          <div
            className="css-text-901oao r-color-11zaip3 r-flex-13awgt0 r-fontFamily-6jnb14 r-fontSize-vbi3md r-fontWeight-b88u0q r-letterSpacing-i0j7gm r-lineHeight-qvk6io r-paddingRight-1qortcd r-textAlign-fdjqy7 r-textDecorationLine-13wfysu r-textTransform-3twk1y"
            dir="auto"
          >
            Keep in mind - your G$ tokens are on an internal network and should be sent on the G$ network and not to Ethereum external wallets
          </div>
        </div>
      </div>
      <div
        className="css-view-1dbjc4n r-flexDirection-18u37iz r-justifyContent-1wtj0ep"
        style={
          Object {
            "WebkitAlignItems": "flex-end",
            "WebkitBoxAlign": "end",
            "alignItems": "flex-end",
            "msFlexAlign": "end",
          }
        }
      >
        <div
          className="css-view-1dbjc4n r-alignItems-1awozwy r-flexDirection-18u37iz r-flexGrow-16y2uox"
          style={
            Object {
              "WebkitBoxPack": "start",
              "WebkitJustifyContent": "flex-start",
              "justifyContent": "flex-start",
              "msFlexPack": "start",
            }
          }
        >
          <div
            className="css-view-1dbjc4n r-alignItems-1oszu61 r-borderColor-17xuhkx r-borderStyle-1phboty r-display-6koalj r-justifyContent-1777fci r-marginBottom-p1pxzi r-marginRight-61z16t"
            style={
              Object {
                "backgroundColor": "rgba(0,0,0,0.00)",
                "borderBottomLeftRadius": "50px",
                "borderBottomRightRadius": "50px",
                "borderBottomWidth": "0px",
                "borderLeftWidth": "0px",
                "borderRightWidth": "0px",
                "borderTopLeftRadius": "50px",
                "borderTopRightRadius": "50px",
                "borderTopWidth": "0px",
                "marginLeft": "0px",
                "marginTop": "0px",
                "minHeight": "44px",
                "minWidth": "auto",
                "paddingBottom": "0px",
                "paddingLeft": "0px",
                "paddingRight": "0px",
                "paddingTop": "0px",
              }
            }
          >
            <div
              className="css-cursor-18t94o4 css-view-1dbjc4n r-flex-13awgt0 r-overflow-1udh08x r-position-bnwqim"
              onClick={[Function]}
              onContextMenu={[Function]}
              onKeyDown={[Function]}
              role="button"
              style={
                Object {
                  "WebkitAlignSelf": "stretch",
                  "alignSelf": "stretch",
                  "borderBottomLeftRadius": "50px",
                  "borderBottomRightRadius": "50px",
                  "borderTopLeftRadius": "50px",
                  "borderTopRightRadius": "50px",
                  "msFlexItemAlign": "stretch",
                  "msGridRowAlign": "stretch",
                }
              }
              tabIndex="0"
            >
              <div
                className="css-view-1dbjc4n r-alignItems-1awozwy r-flex-13awgt0 r-flexDirection-18u37iz r-justifyContent-1777fci"
                style={
                  Object {
                    "WebkitAlignSelf": "stretch",
                    "alignSelf": "stretch",
                    "msFlexItemAlign": "stretch",
                    "msGridRowAlign": "stretch",
                  }
                }
              >
                <div
                  className="css-view-1dbjc4n r-marginHorizontal-1ybube5 r-marginVertical-712mwr"
                >
                  <div
                    className="css-view-1dbjc4n r-alignItems-1awozwy r-display-6koalj r-flex-13awgt0 r-flexDirection-18u37iz"
                  >
                    <div
                      className="css-text-901oao r-alignItems-1awozwy r-color-vaa0vc r-fontFamily-vnw8o6 r-fontSize-1b43r93 r-fontWeight-majxgm r-justifyContent-1777fci r-letterSpacing-oxtfae r-lineHeight-qvk6io r-paddingTop-njp1lv r-textAlign-q4m81j r-textDecorationLine-13wfysu r-textTransform-3twk1y"
                      dir="auto"
                    >
                      Cancel
                    </div>
                  </div>
                </div>
              </div>
            </div>
          </div>
        </div>
        <div
          className="css-view-1dbjc4n r-alignItems-1oszu61 r-flexDirection-eqz5dr r-justifyContent-1wtj0ep"
          style={
            Object {
              "WebkitBoxFlex": 3,
              "WebkitFlexGrow": 3,
              "flexGrow": 3,
              "msFlexPositive": 3,
            }
          }
        >
          <div
            className="css-view-1dbjc4n r-alignItems-1oszu61 r-borderColor-17xuhkx r-borderStyle-1phboty r-display-6koalj r-justifyContent-1777fci r-marginBottom-p1pxzi r-marginRight-61z16t"
            style={
              Object {
                "WebkitFlex": 2,
                "backgroundColor": "rgba(0,0,0,0.12)",
                "borderBottomLeftRadius": "50px",
                "borderBottomRightRadius": "50px",
                "borderBottomWidth": "0px",
                "borderLeftWidth": "0px",
                "borderRightWidth": "0px",
                "borderTopLeftRadius": "50px",
                "borderTopRightRadius": "50px",
                "borderTopWidth": "0px",
                "flex": 2,
                "marginLeft": "0px",
                "marginTop": "0px",
                "minHeight": "44px",
                "minWidth": "64px",
                "msFlex": "2 1 0%",
                "paddingBottom": "0px",
                "paddingLeft": "0px",
                "paddingRight": "0px",
                "paddingTop": "0px",
              }
            }
          >
            <div
              aria-disabled={true}
              className="css-view-1dbjc4n r-flex-13awgt0 r-overflow-1udh08x r-position-bnwqim"
              onClick={[Function]}
              onContextMenu={[Function]}
              onKeyDown={[Function]}
              role="button"
              style={
                Object {
                  "WebkitAlignSelf": "stretch",
                  "alignSelf": "stretch",
                  "borderBottomLeftRadius": "50px",
                  "borderBottomRightRadius": "50px",
                  "borderTopLeftRadius": "50px",
                  "borderTopRightRadius": "50px",
                  "msFlexItemAlign": "stretch",
                  "msGridRowAlign": "stretch",
                }
              }
              tabIndex="-1"
            >
              <div
                className="css-view-1dbjc4n r-alignItems-1awozwy r-flex-13awgt0 r-flexDirection-18u37iz r-justifyContent-1777fci"
                style={
                  Object {
                    "WebkitAlignSelf": "stretch",
                    "alignSelf": "stretch",
                    "msFlexItemAlign": "stretch",
                    "msGridRowAlign": "stretch",
                  }
                }
              >
                <div
                  className="css-view-1dbjc4n r-marginHorizontal-1ydw1k6 r-marginVertical-712mwr"
                >
                  <div
                    className="css-view-1dbjc4n r-alignItems-1awozwy r-display-6koalj r-flex-13awgt0 r-flexDirection-18u37iz"
                  >
                    <div
                      className="css-text-901oao r-alignItems-1awozwy r-color-jwli3a r-fontFamily-vnw8o6 r-fontSize-ubezar r-fontWeight-majxgm r-justifyContent-1777fci r-letterSpacing-oxtfae r-lineHeight-qvk6io r-paddingTop-njp1lv r-textAlign-q4m81j r-textDecorationLine-13wfysu r-textTransform-tsynxw"
                      dir="auto"
                    >
                      Next
                    </div>
                  </div>
                </div>
              </div>
            </div>
          </div>
        </div>
      </div>
    </div>
  </div>
</div>
`;
