// Jest Snapshot v1, https://goo.gl/fbAQLP

exports[`BuySell matches snapshot 1`] = `
Array [
  <div
    className="css-view-1dbjc4n"
    style={
      Object {
        "WebkitAlignItems": "center",
        "WebkitBoxAlign": "center",
        "WebkitBoxDirection": "normal",
        "WebkitBoxOrient": "horizontal",
        "WebkitBoxPack": "center",
        "WebkitFlexDirection": "row",
        "WebkitJustifyContent": "center",
        "alignItems": "center",
        "backgroundColor": "rgba(144,144,144,1.00)",
        "flexDirection": "row",
        "height": "60px",
        "justifyContent": "center",
        "msFlexAlign": "center",
        "msFlexDirection": "row",
        "msFlexPack": "center",
      }
    }
  >
    <div
      className="css-view-1dbjc4n"
      style={
        Object {
          "minWidth": "40px",
          "paddingBottom": "10px",
          "paddingLeft": "10px",
          "paddingRight": "10px",
          "paddingTop": "10px",
        }
      }
    >
      <div
        className="css-view-1dbjc4n"
        onClick={[Function]}
        style={
          Object {
            "backgroundImage": "url(backButton.png)",
            "cursor": "pointer",
            "height": "25px",
            "width": "25px",
          }
        }
      />
    </div>
    <div
      className="css-text-76zvg2"
      dir="auto"
      style={
        Object {
          "WebkitBoxFlex": 2,
          "WebkitFlexGrow": 2,
          "color": "rgba(210,210,210,1.00)",
          "flexGrow": 2,
          "fontSize": "18px",
          "msFlexPositive": 2,
          "textAlign": "center",
          "textTransform": "uppercase",
        }
      }
    >
      BuySell
    </div>
    <div
      className="css-view-1dbjc4n"
      style={
        Object {
          "minWidth": "40px",
        }
      }
    />
  </div>,
  <div
    className="css-view-1dbjc4n"
    onResponderGrant={[Function]}
    onResponderReject={[Function]}
    onResponderRelease={[Function]}
    onResponderTerminationRequest={[Function]}
    onScroll={[Function]}
    onScrollShouldSetResponder={[Function]}
    onStartShouldSetResponder={[Function]}
    onStartShouldSetResponderCapture={[Function]}
    onTouchEnd={[Function]}
    onTouchMove={[Function]}
    onTouchStart={[Function]}
    onWheel={[Function]}
    style={
      Object {
        "WebkitBoxDirection": "normal",
        "WebkitBoxFlex": 1,
        "WebkitBoxOrient": "vertical",
        "WebkitFlexDirection": "column",
        "WebkitFlexGrow": 1,
        "WebkitFlexShrink": 1,
        "WebkitOverflowScrolling": "touch",
        "WebkitTransform": "translateZ(0px)",
        "flexDirection": "column",
        "flexGrow": 1,
        "flexShrink": 1,
        "msFlexDirection": "column",
        "msFlexNegative": 1,
        "msFlexPositive": 1,
        "overflowX": "hidden",
        "overflowY": "auto",
        "transform": "translateZ(0px)",
      }
    }
  >
    <div
      className="css-view-1dbjc4n"
      style={
        Object {
          "minHeight": "100%",
        }
      }
    >
      <div
        className="css-view-1dbjc4n"
      >
        <div
          className="css-text-76zvg2"
          dir="auto"
        >
          BuySell
        </div>
      </div>
    </div>
  </div>,
]
`;
