// Jest Snapshot v1, https://goo.gl/fbAQLP

exports[`NavBar matches snapshot 1`] = `
<div
  className="css-view-1dbjc4n"
  id="animatedComponent"
  style={
    Object {
      "WebkitAlignItems": "center",
      "WebkitBoxAlign": "center",
      "WebkitBoxDirection": "normal",
      "WebkitBoxFlex": 0,
      "WebkitBoxOrient": "horizontal",
      "WebkitFlexDirection": "row",
      "WebkitFlexGrow": 0,
      "WebkitFlexShrink": 0,
      "alignItems": "center",
      "backgroundColor": "rgba(98,0,238,1.00)",
      "boxShadow": "none, 0px 3px 4px rgba(0,0,0,0.24)",
      "flexDirection": "row",
      "flexGrow": 0,
      "flexShrink": 0,
      "height": "0px",
      "msFlexAlign": "center",
      "msFlexDirection": "row",
      "msFlexNegative": 0,
      "msFlexPositive": 0,
      "paddingLeft": "4px",
      "paddingRight": "4px",
    }
  }
>
  <div
    className="css-view-1dbjc4n r-flex-13awgt0 r-paddingHorizontal-1e081e0"
    onClick={[Function]}
    onContextMenu={[Function]}
    onKeyDown={[Function]}
    tabIndex="0"
  >
    <h1
      className="css-reset-4rbku5 css-text-901oao css-textOneLine-vcwn7f r-color-jwli3a r-fontSize-hiw28u r-fontWeight-majxgm r-textAlign-q4m81j r-textTransform-tsynxw"
      dir="auto"
      role="heading"
      style={
        Object {
          "fontFamily": "Roboto, \\"Helvetica Neue\\", Helvetica, Arial, sans-serif",
        }
      }
    />
  </div>
</div>
`;
