// Jest Snapshot v1, https://goo.gl/fbAQLP

exports[`TabsView matches snapshot 1`] = `
<div
  className="css-view-1dbjc4n"
  style={
    Object {
      "WebkitBoxDirection": "normal",
      "WebkitBoxOrient": "horizontal",
      "WebkitBoxPack": "justify",
      "WebkitFlexDirection": "row",
      "WebkitJustifyContent": "space-around",
      "backgroundColor": "rgba(144,144,144,1.00)",
      "flexDirection": "row",
      "height": "60px",
      "justifyContent": "space-around",
      "msFlexDirection": "row",
      "msFlexPack": "distribute",
    }
  }
>
  <div
    className="css-view-1dbjc4n"
    data-focusable={true}
    onKeyDown={[Function]}
    onKeyUp={[Function]}
    onResponderGrant={[Function]}
    onResponderMove={[Function]}
    onResponderRelease={[Function]}
    onResponderTerminate={[Function]}
    onResponderTerminationRequest={[Function]}
    onStartShouldSetResponder={[Function]}
    style={
      Object {
        "MozTransitionProperty": "opacity",
        "MozUserSelect": "none",
        "WebkitAlignItems": "center",
        "WebkitBoxAlign": "center",
        "WebkitBoxDirection": "normal",
        "WebkitBoxOrient": "vertical",
        "WebkitFlexDirection": "column",
        "WebkitTransitionDuration": "0.15s",
        "WebkitTransitionProperty": "opacity",
        "WebkitUserSelect": "none",
        "alignItems": "center",
        "cursor": "pointer",
        "display": "flex",
        "flexDirection": "column",
        "height": "100%",
        "msFlexAlign": "center",
        "msFlexDirection": "column",
        "msTouchAction": "manipulation",
        "msUserSelect": "none",
        "touchAction": "manipulation",
        "transitionDuration": "0.15s",
        "transitionProperty": "opacity",
        "userSelect": "none",
      }
    }
    tabIndex="0"
  >
    <div
      className="css-view-1dbjc4n"
      style={
        Object {
          "WebkitBoxFlex": 2,
          "WebkitFlexBasis": "0px",
          "WebkitFlexGrow": 2,
          "flexBasis": "0px",
          "flexGrow": 2,
          "msFlexPositive": 2,
          "msFlexPreferredSize": "0px",
          "overflowX": "hidden",
          "overflowY": "hidden",
          "width": "40px",
          "zIndex": 0,
        }
      }
    >
      <div
        className="css-view-1dbjc4n"
        style={
          Object {
            "backgroundColor": "rgba(0,0,0,0.00)",
            "backgroundPosition": "center",
            "backgroundRepeat": "no-repeat",
            "backgroundSize": "cover",
            "bottom": "0px",
            "height": "100%",
            "left": "0px",
            "position": "absolute",
            "right": "0px",
            "top": "0px",
            "width": "100%",
            "zIndex": -1,
          }
        }
      />
    </div>
    <div
      className="css-text-76zvg2"
      dir="auto"
      style={
        Object {
          "color": "rgba(210,210,210,1.00)",
          "textAlign": "center",
        }
      }
    >
      Dashboard
    </div>
  </div>
  <div
    className="css-view-1dbjc4n"
    data-focusable={true}
    onKeyDown={[Function]}
    onKeyUp={[Function]}
    onResponderGrant={[Function]}
    onResponderMove={[Function]}
    onResponderRelease={[Function]}
    onResponderTerminate={[Function]}
    onResponderTerminationRequest={[Function]}
    onStartShouldSetResponder={[Function]}
    style={
      Object {
        "MozTransitionProperty": "opacity",
        "MozUserSelect": "none",
        "WebkitAlignItems": "center",
        "WebkitBoxAlign": "center",
        "WebkitBoxDirection": "normal",
        "WebkitBoxOrient": "vertical",
        "WebkitFlexDirection": "column",
        "WebkitTransitionDuration": "0.15s",
        "WebkitTransitionProperty": "opacity",
        "WebkitUserSelect": "none",
        "alignItems": "center",
        "cursor": "pointer",
        "display": "flex",
        "flexDirection": "column",
        "height": "100%",
        "msFlexAlign": "center",
        "msFlexDirection": "column",
        "msTouchAction": "manipulation",
        "msUserSelect": "none",
        "touchAction": "manipulation",
        "transitionDuration": "0.15s",
        "transitionProperty": "opacity",
        "userSelect": "none",
      }
    }
    tabIndex="0"
  >
    <div
      className="css-view-1dbjc4n"
      style={
        Object {
          "WebkitBoxFlex": 2,
          "WebkitFlexBasis": "0px",
          "WebkitFlexGrow": 2,
          "flexBasis": "0px",
          "flexGrow": 2,
          "msFlexPositive": 2,
          "msFlexPreferredSize": "0px",
          "overflowX": "hidden",
          "overflowY": "hidden",
          "width": "40px",
          "zIndex": 0,
        }
      }
    >
      <div
        className="css-view-1dbjc4n"
        style={
          Object {
            "backgroundColor": "rgba(0,0,0,0.00)",
            "backgroundPosition": "center",
            "backgroundRepeat": "no-repeat",
            "backgroundSize": "cover",
            "bottom": "0px",
            "height": "100%",
            "left": "0px",
            "position": "absolute",
            "right": "0px",
            "top": "0px",
            "width": "100%",
            "zIndex": -1,
          }
        }
      />
    </div>
    <div
      className="css-text-76zvg2"
      dir="auto"
      style={
        Object {
          "color": "rgba(210,210,210,1.00)",
          "textAlign": "center",
        }
      }
    >
      Profile
    </div>
  </div>
  <div
    className="css-view-1dbjc4n"
    data-focusable={true}
    onKeyDown={[Function]}
    onKeyUp={[Function]}
    onResponderGrant={[Function]}
    onResponderMove={[Function]}
    onResponderRelease={[Function]}
    onResponderTerminate={[Function]}
    onResponderTerminationRequest={[Function]}
    onStartShouldSetResponder={[Function]}
    style={
      Object {
        "MozTransitionProperty": "opacity",
        "MozUserSelect": "none",
        "WebkitAlignItems": "center",
        "WebkitBoxAlign": "center",
        "WebkitBoxDirection": "normal",
        "WebkitBoxOrient": "vertical",
        "WebkitFlexDirection": "column",
        "WebkitTransitionDuration": "0.15s",
        "WebkitTransitionProperty": "opacity",
        "WebkitUserSelect": "none",
        "alignItems": "center",
        "cursor": "pointer",
        "display": "flex",
        "flexDirection": "column",
        "height": "100%",
        "marginLeft": "auto",
        "marginRight": "30px",
        "msFlexAlign": "center",
        "msFlexDirection": "column",
        "msTouchAction": "manipulation",
        "msUserSelect": "none",
        "touchAction": "manipulation",
        "transitionDuration": "0.15s",
        "transitionProperty": "opacity",
        "userSelect": "none",
      }
    }
    tabIndex="0"
  >
    <div
      className="css-view-1dbjc4n"
      style={
        Object {
          "WebkitBoxFlex": 2,
          "WebkitFlexBasis": "0px",
          "WebkitFlexGrow": 2,
          "flexBasis": "0px",
          "flexGrow": 2,
          "marginTop": "20px",
          "maxHeight": "20px",
          "msFlexPositive": 2,
          "msFlexPreferredSize": "0px",
          "overflowX": "hidden",
          "overflowY": "hidden",
          "width": "20px",
          "zIndex": 0,
        }
      }
    >
      <div
        className="css-view-1dbjc4n"
        style={
          Object {
            "backgroundColor": "rgba(0,0,0,0.00)",
            "backgroundImage": "url(\\"burgerIcon.png\\")",
            "backgroundPosition": "center",
            "backgroundRepeat": "no-repeat",
            "backgroundSize": "cover",
            "bottom": "0px",
            "height": "100%",
            "left": "0px",
            "position": "absolute",
            "right": "0px",
            "top": "0px",
            "width": "100%",
            "zIndex": -1,
          }
        }
      />
      <img
        alt=""
        className="css-accessibilityImage-9pa8cd"
        draggable={false}
        src="burgerIcon.png"
      />
    </div>
  </div>
</div>
`;
