// Jest Snapshot v1, https://goo.gl/fbAQLP

exports[`TabsView matches snapshot 1`] = `
<div
  style={
    Object {
      "WebkitAlignItems": "stretch",
      "WebkitBoxAlign": "stretch",
      "WebkitBoxDirection": "normal",
      "WebkitBoxOrient": "horizontal",
      "WebkitBoxPack": "justify",
      "WebkitFlexBasis": "auto",
      "WebkitFlexDirection": "row",
      "WebkitFlexShrink": 0,
      "WebkitJustifyContent": "space-around",
      "alignItems": "stretch",
      "backgroundColor": "rgba(144,144,144,1.00)",
      "borderBottomStyle": "solid",
      "borderBottomWidth": "0px",
      "borderLeftStyle": "solid",
      "borderLeftWidth": "0px",
      "borderRightStyle": "solid",
      "borderRightWidth": "0px",
      "borderTopStyle": "solid",
      "borderTopWidth": "0px",
      "boxSizing": "border-box",
      "color": "rgba(210,210,210,1.00)",
      "display": "flex",
      "flexBasis": "auto",
      "flexDirection": "row",
      "flexShrink": 0,
      "height": "60px",
      "justifyContent": "space-around",
      "marginBottom": "0px",
      "marginLeft": "0px",
      "marginRight": "0px",
      "marginTop": "0px",
      "minHeight": "0px",
      "minWidth": "0px",
      "msFlexAlign": "stretch",
      "msFlexDirection": "row",
      "msFlexNegative": 0,
      "msFlexPack": "distribute",
      "msFlexPreferredSize": "auto",
      "paddingBottom": "0px",
      "paddingLeft": "0px",
      "paddingRight": "0px",
      "paddingTop": "0px",
      "position": "relative",
      "zIndex": 0,
    }
  }
>
  <div
    onClick={[Function]}
    style={
      Object {
        "WebkitAlignItems": "center",
        "WebkitBoxAlign": "center",
        "WebkitBoxDirection": "normal",
        "WebkitBoxOrient": "vertical",
        "WebkitFlexBasis": "auto",
        "WebkitFlexDirection": "column",
        "WebkitFlexShrink": 0,
        "alignItems": "center",
        "borderBottomStyle": "solid",
        "borderBottomWidth": "0px",
        "borderLeftStyle": "solid",
        "borderLeftWidth": "0px",
        "borderRightStyle": "solid",
        "borderRightWidth": "0px",
        "borderTopStyle": "solid",
        "borderTopWidth": "0px",
        "boxSizing": "border-box",
        "color": "rgba(210,210,210,1.00)",
        "cursor": "pointer",
        "display": "flex",
        "flexBasis": "auto",
        "flexDirection": "column",
        "flexShrink": 0,
        "height": "100%",
        "marginBottom": "0px",
        "marginLeft": "0px",
        "marginRight": "0px",
        "marginTop": "0px",
        "minHeight": "0px",
        "minWidth": "0px",
        "msFlexAlign": "center",
        "msFlexDirection": "column",
        "msFlexNegative": 0,
        "msFlexPreferredSize": "auto",
        "paddingBottom": "0px",
        "paddingLeft": "0px",
        "paddingRight": "0px",
        "paddingTop": "0px",
        "position": "relative",
        "textAlign": "center",
        "zIndex": 0,
      }
    }
  >
    <div
      style={
        Object {
          "WebkitAlignItems": "stretch",
          "WebkitBoxAlign": "stretch",
          "WebkitBoxDirection": "normal",
          "WebkitBoxFlex": 2,
          "WebkitBoxOrient": "vertical",
          "WebkitFlexBasis": "0px",
          "WebkitFlexDirection": "column",
          "WebkitFlexGrow": 2,
          "WebkitFlexShrink": 0,
          "alignItems": "stretch",
          "borderBottomStyle": "solid",
          "borderBottomWidth": "0px",
          "borderLeftStyle": "solid",
          "borderLeftWidth": "0px",
          "borderRightStyle": "solid",
          "borderRightWidth": "0px",
          "borderTopStyle": "solid",
          "borderTopWidth": "0px",
          "boxSizing": "border-box",
          "display": "flex",
          "flexBasis": "0px",
          "flexDirection": "column",
          "flexGrow": 2,
          "flexShrink": 0,
          "marginBottom": "0px",
          "marginLeft": "0px",
          "marginRight": "0px",
          "marginTop": "0px",
          "minHeight": "0px",
          "minWidth": "0px",
          "msFlexAlign": "stretch",
          "msFlexDirection": "column",
          "msFlexNegative": 0,
          "msFlexPositive": 2,
          "msFlexPreferredSize": "0px",
          "overflowX": "hidden",
          "overflowY": "hidden",
          "paddingBottom": "0px",
          "paddingLeft": "0px",
          "paddingRight": "0px",
          "paddingTop": "0px",
          "position": "relative",
          "width": "40px",
          "zIndex": 0,
        }
      }
    >
      <div
        style={
          Object {
            "WebkitAlignItems": "stretch",
            "WebkitBoxAlign": "stretch",
            "WebkitBoxDirection": "normal",
            "WebkitBoxOrient": "vertical",
            "WebkitFlexBasis": "auto",
            "WebkitFlexDirection": "column",
            "WebkitFlexShrink": 0,
            "alignItems": "stretch",
            "backgroundColor": "rgba(0,0,0,0.00)",
            "backgroundPosition": "center",
            "backgroundRepeat": "no-repeat",
            "backgroundSize": "cover",
            "borderBottomStyle": "solid",
            "borderBottomWidth": "0px",
            "borderLeftStyle": "solid",
            "borderLeftWidth": "0px",
            "borderRightStyle": "solid",
            "borderRightWidth": "0px",
            "borderTopStyle": "solid",
            "borderTopWidth": "0px",
            "bottom": "0px",
            "boxSizing": "border-box",
            "display": "flex",
            "flexBasis": "auto",
            "flexDirection": "column",
            "flexShrink": 0,
            "height": "100%",
            "left": "0px",
            "marginBottom": "0px",
            "marginLeft": "0px",
            "marginRight": "0px",
            "marginTop": "0px",
            "minHeight": "0px",
            "minWidth": "0px",
            "msFlexAlign": "stretch",
            "msFlexDirection": "column",
            "msFlexNegative": 0,
            "msFlexPreferredSize": "auto",
            "paddingBottom": "0px",
            "paddingLeft": "0px",
            "paddingRight": "0px",
            "paddingTop": "0px",
            "position": "absolute",
            "right": "0px",
            "top": "0px",
            "width": "100%",
            "zIndex": -1,
          }
        }
      />
    </div>
    <div
      dir="auto"
      style={
        Object {
          "borderBottomWidth": "0px",
          "borderLeftWidth": "0px",
          "borderRightWidth": "0px",
          "borderTopWidth": "0px",
          "boxSizing": "border-box",
          "color": "inherit",
          "display": "inline",
          "fontFamily": "system-ui, -apple-system, BlinkMacSystemFont, \\"Segoe UI\\", Roboto, Ubuntu, \\"Helvetica Neue\\", sans-serif",
          "fontSize": "14px",
          "fontStyle": "inherit",
          "fontVariant": "inherit",
          "fontWeight": "inherit",
          "lineHeight": "inherit",
          "marginBottom": "0px",
          "marginLeft": "0px",
          "marginRight": "0px",
          "marginTop": "0px",
          "paddingBottom": "0px",
          "paddingLeft": "0px",
          "paddingRight": "0px",
          "paddingTop": "0px",
          "textDecoration": "none",
          "whiteSpace": "pre-wrap",
          "wordWrap": "break-word",
        }
      }
    >
      Rewards
    </div>
  </div>
  <div
    onClick={[Function]}
    style={
      Object {
        "WebkitAlignItems": "center",
        "WebkitBoxAlign": "center",
        "WebkitBoxDirection": "normal",
        "WebkitBoxOrient": "vertical",
        "WebkitFlexBasis": "auto",
        "WebkitFlexDirection": "column",
        "WebkitFlexShrink": 0,
        "alignItems": "center",
        "borderBottomStyle": "solid",
        "borderBottomWidth": "0px",
        "borderLeftStyle": "solid",
        "borderLeftWidth": "0px",
        "borderRightStyle": "solid",
        "borderRightWidth": "0px",
        "borderTopStyle": "solid",
        "borderTopWidth": "0px",
        "boxSizing": "border-box",
        "color": "rgba(210,210,210,1.00)",
        "cursor": "pointer",
        "display": "flex",
        "flexBasis": "auto",
        "flexDirection": "column",
        "flexShrink": 0,
        "height": "100%",
        "marginBottom": "0px",
        "marginLeft": "0px",
        "marginRight": "0px",
        "marginTop": "0px",
        "minHeight": "0px",
        "minWidth": "0px",
        "msFlexAlign": "center",
        "msFlexDirection": "column",
        "msFlexNegative": 0,
        "msFlexPreferredSize": "auto",
        "paddingBottom": "0px",
        "paddingLeft": "0px",
        "paddingRight": "0px",
        "paddingTop": "0px",
        "position": "relative",
        "textAlign": "center",
        "zIndex": 0,
      }
    }
  >
    <div
      style={
        Object {
          "WebkitAlignItems": "stretch",
          "WebkitBoxAlign": "stretch",
          "WebkitBoxDirection": "normal",
          "WebkitBoxFlex": 2,
          "WebkitBoxOrient": "vertical",
          "WebkitFlexBasis": "0px",
          "WebkitFlexDirection": "column",
          "WebkitFlexGrow": 2,
          "WebkitFlexShrink": 0,
          "alignItems": "stretch",
          "borderBottomStyle": "solid",
          "borderBottomWidth": "0px",
          "borderLeftStyle": "solid",
          "borderLeftWidth": "0px",
          "borderRightStyle": "solid",
          "borderRightWidth": "0px",
          "borderTopStyle": "solid",
          "borderTopWidth": "0px",
          "boxSizing": "border-box",
          "display": "flex",
          "flexBasis": "0px",
          "flexDirection": "column",
          "flexGrow": 2,
          "flexShrink": 0,
          "marginBottom": "0px",
          "marginLeft": "0px",
          "marginRight": "0px",
          "marginTop": "0px",
          "minHeight": "0px",
          "minWidth": "0px",
          "msFlexAlign": "stretch",
          "msFlexDirection": "column",
          "msFlexNegative": 0,
          "msFlexPositive": 2,
          "msFlexPreferredSize": "0px",
          "overflowX": "hidden",
          "overflowY": "hidden",
          "paddingBottom": "0px",
          "paddingLeft": "0px",
          "paddingRight": "0px",
          "paddingTop": "0px",
          "position": "relative",
          "width": "40px",
          "zIndex": 0,
        }
      }
    >
      <div
        style={
          Object {
            "WebkitAlignItems": "stretch",
            "WebkitBoxAlign": "stretch",
            "WebkitBoxDirection": "normal",
            "WebkitBoxOrient": "vertical",
            "WebkitFlexBasis": "auto",
            "WebkitFlexDirection": "column",
            "WebkitFlexShrink": 0,
            "alignItems": "stretch",
            "backgroundColor": "rgba(0,0,0,0.00)",
            "backgroundPosition": "center",
            "backgroundRepeat": "no-repeat",
            "backgroundSize": "cover",
            "borderBottomStyle": "solid",
            "borderBottomWidth": "0px",
            "borderLeftStyle": "solid",
            "borderLeftWidth": "0px",
            "borderRightStyle": "solid",
            "borderRightWidth": "0px",
            "borderTopStyle": "solid",
            "borderTopWidth": "0px",
            "bottom": "0px",
            "boxSizing": "border-box",
            "display": "flex",
            "flexBasis": "auto",
            "flexDirection": "column",
            "flexShrink": 0,
            "height": "100%",
            "left": "0px",
            "marginBottom": "0px",
            "marginLeft": "0px",
            "marginRight": "0px",
            "marginTop": "0px",
            "minHeight": "0px",
            "minWidth": "0px",
            "msFlexAlign": "stretch",
            "msFlexDirection": "column",
            "msFlexNegative": 0,
            "msFlexPreferredSize": "auto",
            "paddingBottom": "0px",
            "paddingLeft": "0px",
            "paddingRight": "0px",
            "paddingTop": "0px",
            "position": "absolute",
            "right": "0px",
            "top": "0px",
            "width": "100%",
            "zIndex": -1,
          }
        }
      />
    </div>
    <div
      dir="auto"
      style={
        Object {
          "borderBottomWidth": "0px",
          "borderLeftWidth": "0px",
          "borderRightWidth": "0px",
          "borderTopWidth": "0px",
          "boxSizing": "border-box",
          "color": "inherit",
          "display": "inline",
          "fontFamily": "system-ui, -apple-system, BlinkMacSystemFont, \\"Segoe UI\\", Roboto, Ubuntu, \\"Helvetica Neue\\", sans-serif",
          "fontSize": "14px",
          "fontStyle": "inherit",
          "fontVariant": "inherit",
          "fontWeight": "inherit",
          "lineHeight": "inherit",
          "marginBottom": "0px",
          "marginLeft": "0px",
          "marginRight": "0px",
          "marginTop": "0px",
          "paddingBottom": "0px",
          "paddingLeft": "0px",
          "paddingRight": "0px",
          "paddingTop": "0px",
          "textDecoration": "none",
          "whiteSpace": "pre-wrap",
          "wordWrap": "break-word",
        }
      }
    >
      BuySell
    </div>
  </div>
</div>
`;
