// Jest Snapshot v1, https://goo.gl/fbAQLP

exports[`EventDialog matches snapshot 1`] = `
<div
  className="css-view-1dbjc4n"
  style={
    Object {
      "WebkitBoxFlex": 1,
      "WebkitFlexBasis": "0%",
      "WebkitFlexGrow": 1,
      "WebkitFlexShrink": 1,
      "flexBasis": "0%",
      "flexGrow": 1,
      "flexShrink": 1,
      "msFlexNegative": 1,
      "msFlexPositive": 1,
      "msFlexPreferredSize": "0%",
    }
  }
>
  <div
    className="css-view-1dbjc4n"
    style={
      Object {
        "WebkitBoxFlex": 1,
        "WebkitFlexBasis": "0%",
        "WebkitFlexGrow": 1,
        "WebkitFlexShrink": 1,
        "display": "flex",
        "flexBasis": "0%",
        "flexGrow": 1,
        "flexShrink": 1,
        "msFlexNegative": 1,
        "msFlexPositive": 1,
        "msFlexPreferredSize": "0%",
      }
    }
  >
    <div
      className="css-view-1dbjc4n"
      style={
        Object {
          "WebkitAlignItems": "stretch",
          "WebkitBoxAlign": "stretch",
          "WebkitBoxDirection": "normal",
          "WebkitBoxFlex": 1,
          "WebkitBoxOrient": "horizontal",
          "WebkitBoxPack": "center",
          "WebkitFlexBasis": "0%",
          "WebkitFlexDirection": "row",
          "WebkitFlexGrow": 1,
          "WebkitFlexShrink": 1,
          "WebkitJustifyContent": "center",
          "alignItems": "stretch",
          "display": "flex",
          "flexBasis": "0%",
          "flexDirection": "row",
          "flexGrow": 1,
          "flexShrink": 1,
          "justifyContent": "center",
          "msFlexAlign": "stretch",
          "msFlexDirection": "row",
          "msFlexNegative": 1,
          "msFlexPack": "center",
          "msFlexPositive": 1,
          "msFlexPreferredSize": "0%",
        }
      }
    >
      <div
        className="css-view-1dbjc4n"
        style={
          Object {
            "WebkitAlignItems": "stretch",
            "WebkitBoxAlign": "stretch",
            "WebkitBoxDirection": "normal",
            "WebkitBoxFlex": 1,
            "WebkitBoxOrient": "vertical",
            "WebkitBoxPack": "justify",
            "WebkitFlexBasis": "0%",
            "WebkitFlexDirection": "column",
            "WebkitFlexGrow": 1,
            "WebkitFlexShrink": 1,
            "WebkitJustifyContent": "space-between",
            "alignItems": "stretch",
            "display": "flex",
            "flexBasis": "0%",
            "flexDirection": "column",
            "flexGrow": 1,
            "flexShrink": 1,
            "justifyContent": "space-between",
            "msFlexAlign": "stretch",
            "msFlexDirection": "column",
            "msFlexNegative": 1,
            "msFlexPack": "justify",
            "msFlexPositive": 1,
            "msFlexPreferredSize": "0%",
            "paddingBottom": "10px",
            "paddingLeft": "10px",
            "paddingRight": "10px",
            "paddingTop": "10px",
            "width": "100%",
          }
        }
      />
    </div>
  </div>
</div>
`;
