// Jest Snapshot v1, https://goo.gl/fbAQLP

exports[`Profile matches snapshot 1`] = `
<div
  className="css-view-1dbjc4n r-flex-13awgt0 r-pointerEvents-12vffkv"
>
  <div
    className=""
    style={
      Object {
        "bottom": 0,
        "display": "flex",
        "flexDirection": "column",
        "flexGrow": 1,
        "left": 0,
        "position": "absolute",
        "right": 0,
        "top": 0,
      }
    }
  >
    <div
      className="css-view-1dbjc4n r-alignItems-1awozwy"
      style={
        Object {
          "WebkitBoxDirection": "normal",
          "WebkitBoxFlex": 0,
          "WebkitBoxOrient": "horizontal",
          "WebkitFlexDirection": "row",
          "WebkitFlexGrow": 0,
          "WebkitFlexShrink": 0,
          "backgroundColor": "rgba(0,175,255,1.00)",
          "boxShadow": "none",
          "flexDirection": "row",
          "flexGrow": 0,
          "flexShrink": 0,
          "height": "56px",
          "msFlexDirection": "row",
          "msFlexNegative": 0,
          "msFlexPositive": 0,
          "paddingLeft": "4px",
          "paddingRight": "4px",
        }
      }
    >
      <div
        className="css-text-901oao r-cursor-1loqt21"
        data-focusable={true}
        dir="auto"
        onClick={[Function]}
        onKeyDown={[Function]}
        style={
          Object {
            "color": "rgba(255,255,255,1.00)",
            "fontFamily": "gooddollar",
            "fontSize": "22px",
            "fontStyle": "normal",
            "fontWeight": "normal",
            "marginLeft": "15px",
            "width": "33px",
          }
        }
        tabIndex="0"
      >
        
      </div>
      <div
        className="css-view-1dbjc4n r-cursor-1loqt21 r-flex-13awgt0 r-paddingHorizontal-1e081e0 r-touchAction-1otgn73"
        data-focusable={true}
        onKeyDown={[Function]}
        onKeyUp={[Function]}
        onResponderGrant={[Function]}
        onResponderMove={[Function]}
        onResponderRelease={[Function]}
        onResponderTerminate={[Function]}
        onResponderTerminationRequest={[Function]}
        onStartShouldSetResponder={[Function]}
        style={
          Object {
            "marginLeft": "8px",
          }
        }
        tabIndex="0"
      >
        <h1
          className="css-reset-4rbku5 css-text-901oao css-textOneLine-bfa6kz"
          dir="auto"
          role="heading"
          style={
            Object {
              "color": "rgba(255,255,255,1.00)",
              "fontFamily": "Roboto, \\"Helvetica Neue\\", Helvetica, Arial, sans-serif",
              "fontSize": "16px",
              "fontWeight": "500",
              "textAlign": "center",
              "textTransform": "uppercase",
            }
          }
        >
          My Profile
        </h1>
      </div>
      <div
        aria-disabled={true}
        className="css-view-1dbjc4n r-alignItems-1awozwy r-justifyContent-1777fci r-margin-5scogr r-overflow-1udh08x r-position-bnwqim"
        disabled={true}
        onKeyDown={[Function]}
        onKeyUp={[Function]}
        onResponderGrant={[Function]}
        onResponderMove={[Function]}
        onResponderTerminate={[Function]}
        onResponderTerminationRequest={[Function]}
        onStartShouldSetResponder={[Function]}
        role="button"
        style={
          Object {
            "borderBottomLeftRadius": "18px",
            "borderBottomRightRadius": "18px",
            "borderTopLeftRadius": "18px",
            "borderTopRightRadius": "18px",
            "height": "36px",
            "width": "36px",
          }
        }
      >
        <span
          className="css-hitSlop-mjp8i1"
          style={
            Object {
              "bottom": "-10px",
              "left": "-10px",
              "right": "-10px",
              "top": "-10px",
            }
          }
        />
        <div
          className="css-view-1dbjc4n"
        >
          <div
            className="css-view-1dbjc4n r-alignItems-1awozwy r-justifyContent-1777fci"
            style={
              Object {
                "height": "24px",
                "width": "24px",
              }
            }
          >
            <div
              className="css-view-1dbjc4n"
              style={
                Object {
                  "WebkitTransform": "rotate(0deg)",
                  "bottom": "0px",
                  "left": "0px",
                  "opacity": 1,
                  "position": "absolute",
                  "right": "0px",
                  "top": "0px",
                  "transform": "rotate(0deg)",
                }
              }
            />
          </div>
        </div>
      </div>
    </div>
    <div
      className="css-view-1dbjc4n r-WebkitOverflowScrolling-150rngu r-display-6koalj r-flexDirection-eqz5dr r-flexGrow-16y2uox r-flexShrink-1wbh5a2 r-overflowX-11yh6sk r-overflowY-1rnoaur r-transform-1sncvnh"
      onResponderGrant={[Function]}
      onResponderReject={[Function]}
      onResponderRelease={[Function]}
      onResponderTerminationRequest={[Function]}
      onScroll={[Function]}
      onScrollShouldSetResponder={[Function]}
      onStartShouldSetResponder={[Function]}
      onStartShouldSetResponderCapture={[Function]}
      onTouchEnd={[Function]}
      onTouchMove={[Function]}
      onTouchStart={[Function]}
      onWheel={[Function]}
    >
      <div
        className="css-view-1dbjc4n r-display-6koalj r-flexGrow-16y2uox r-height-1pi2tsx"
      >
        <div
          className="css-view-1dbjc4n r-display-6koalj r-flexDirection-eqz5dr r-flexGrow-16y2uox r-position-bnwqim"
          data-name="viewWrapper"
          style={
            Object {
              "backgroundImage": "linear-gradient(3.141592653589793rad,#00AFFF,#2DC0F7,#28C0EF,#23C0E7,#1EC1DF,#19C1D7,#14C1CF,#0FC2C7,#0FC2C7,#0AC2BF,#05C2B7,#00C3AF)",
              "maxHeight": "844px",
              "paddingBottom": "8px",
              "paddingLeft": "8px",
              "paddingRight": "8px",
              "paddingTop": "8px",
              "width": "100%",
            }
          }
        >
          <div
            className="css-view-1dbjc4n r-display-6koalj r-justifyContent-1777fci r-position-bnwqim"
            style={
              Object {
                "WebkitAlignItems": "flex-start",
                "WebkitBoxAlign": "start",
                "WebkitBoxDirection": "normal",
                "WebkitBoxOrient": "horizontal",
                "WebkitFlexDirection": "row",
                "alignItems": "flex-start",
                "flexDirection": "row",
                "height": "68px",
                "msFlexAlign": "start",
                "msFlexDirection": "row",
                "zIndex": 1,
              }
            }
          >
            <div
              className="css-view-1dbjc4n"
              style={
                Object {
                  "left": "20px",
                  "position": "absolute",
                }
              }
            >
              <div
                className="css-view-1dbjc4n r-alignItems-1awozwy r-cursor-1loqt21 r-display-6koalj r-justifyContent-1777fci r-touchAction-1otgn73 r-transitionDuration-eafdt9 r-transitionProperty-1i6wzkk r-userSelect-lrvibr"
                data-focusable={true}
                onKeyDown={[Function]}
                onKeyUp={[Function]}
                onResponderGrant={[Function]}
                onResponderMove={[Function]}
                onResponderRelease={[Function]}
                onResponderTerminate={[Function]}
                onResponderTerminationRequest={[Function]}
                onStartShouldSetResponder={[Function]}
                style={
                  Object {
                    "backgroundColor": "rgba(12,38,61,1.00)",
                    "borderBottomLeftRadius": "21px",
                    "borderBottomRightRadius": "21px",
                    "borderTopLeftRadius": "21px",
                    "borderTopRightRadius": "21px",
                    "height": "42px",
                    "width": "42px",
                  }
                }
                tabIndex="0"
              >
                <div
                  className="css-text-901oao"
                  dir="auto"
                  style={
                    Object {
                      "color": "rgba(255,255,255,1.00)",
                      "fontFamily": "gooddollar",
                      "fontSize": "23px",
                      "fontStyle": "normal",
                      "fontWeight": "normal",
                    }
                  }
                >
                  
                </div>
              </div>
              <div
                className="css-text-901oao"
                dir="auto"
                style={
                  Object {
                    "color": "rgba(255,255,255,1.00)",
                    "fontFamily": "Roboto",
                    "fontSize": "10px",
                    "fontWeight": "500",
                    "lineHeight": "11px",
                    "marginTop": "3px",
                    "textAlign": "center",
                    "textDecoration": "none",
                    "textTransform": "none",
                  }
                }
              >
                Privacy
              </div>
            </div>
            <div
              className="css-view-1dbjc4n r-alignItems-1awozwy r-justifyContent-1777fci"
              style={
                Object {
                  "position": "absolute",
                }
              }
            >
              <div
                className="css-view-1dbjc4n r-justifyContent-1777fci"
                style={
                  Object {
                    "WebkitBoxDirection": "normal",
                    "WebkitBoxOrient": "horizontal",
                    "WebkitFlexDirection": "row",
                    "flexDirection": "row",
                    "msFlexDirection": "row",
                    "width": "136px",
                  }
                }
              >
                <div
                  className="css-view-1dbjc4n r-alignItems-1awozwy r-flex-13awgt0 r-flexDirection-eqz5dr"
                >
                  <div
                    className="css-view-1dbjc4n r-alignItems-1awozwy r-cursor-1loqt21 r-justifyContent-1777fci r-touchAction-1otgn73 r-transitionDuration-eafdt9 r-transitionProperty-1i6wzkk r-userSelect-lrvibr"
                    data-focusable={true}
                    disabled={false}
                    onKeyDown={[Function]}
                    onKeyUp={[Function]}
                    onResponderGrant={[Function]}
                    onResponderMove={[Function]}
                    onResponderRelease={[Function]}
                    onResponderTerminate={[Function]}
                    onResponderTerminationRequest={[Function]}
                    onStartShouldSetResponder={[Function]}
                    style={
                      Object {
                        "backgroundColor": "rgba(203,203,203,1.00)",
                        "borderBottomColor": "rgba(255,255,255,1.00)",
                        "borderBottomLeftRadius": "68px",
                        "borderBottomRightRadius": "68px",
                        "borderBottomWidth": "3px",
                        "borderLeftColor": "rgba(255,255,255,1.00)",
                        "borderLeftWidth": "3px",
                        "borderRightColor": "rgba(255,255,255,1.00)",
                        "borderRightWidth": "3px",
                        "borderTopColor": "rgba(255,255,255,1.00)",
                        "borderTopLeftRadius": "68px",
                        "borderTopRightRadius": "68px",
                        "borderTopWidth": "3px",
                        "height": "136px",
                        "width": "136px",
                      }
                    }
                    tabIndex="0"
                  >
                    <div
                      className="css-view-1dbjc4n r-alignItems-1awozwy r-justifyContent-1777fci"
                      style={
                        Object {
                          "backgroundColor": "rgba(0,0,0,0.00)",
                          "borderBottomColor": "rgba(255,255,255,1.00)",
                          "borderBottomLeftRadius": "68px",
                          "borderBottomRightRadius": "68px",
                          "borderBottomWidth": "3px",
                          "borderLeftColor": "rgba(255,255,255,1.00)",
                          "borderLeftWidth": "3px",
                          "borderRightColor": "rgba(255,255,255,1.00)",
                          "borderRightWidth": "3px",
                          "borderTopColor": "rgba(255,255,255,1.00)",
                          "borderTopLeftRadius": "68px",
                          "borderTopRightRadius": "68px",
                          "borderTopWidth": "3px",
                          "height": "136px",
                          "width": "136px",
                        }
                      }
                    >
                      <unknownProfile.svg />
                    </div>
                  </div>
                </div>
              </div>
              <div
                className="css-text-901oao"
                dir="auto"
                style={
                  Object {
                    "color": "rgba(66,69,74,1.00)",
                    "fontFamily": "Roboto Slab",
                    "fontSize": "22px",
                    "fontWeight": "normal",
                    "lineHeight": "29px",
                    "marginTop": "8px",
                    "textAlign": "center",
                    "textDecoration": "none",
                    "textTransform": "none",
                  }
                }
              />
            </div>
            <div
              className="css-view-1dbjc4n"
              style={
                Object {
                  "position": "absolute",
                  "right": "20px",
                }
              }
            >
              <div
                className="css-view-1dbjc4n r-alignItems-1awozwy r-cursor-1loqt21 r-display-6koalj r-justifyContent-1777fci r-touchAction-1otgn73 r-transitionDuration-eafdt9 r-transitionProperty-1i6wzkk r-userSelect-lrvibr"
                data-focusable={true}
                onKeyDown={[Function]}
                onKeyUp={[Function]}
                onResponderGrant={[Function]}
                onResponderMove={[Function]}
                onResponderRelease={[Function]}
                onResponderTerminate={[Function]}
                onResponderTerminationRequest={[Function]}
                onStartShouldSetResponder={[Function]}
                style={
                  Object {
                    "WebkitTransform": "rotateY(180deg)",
                    "backgroundColor": "rgba(12,38,61,1.00)",
                    "borderBottomLeftRadius": "21px",
                    "borderBottomRightRadius": "21px",
                    "borderTopLeftRadius": "21px",
                    "borderTopRightRadius": "21px",
                    "height": "42px",
                    "transform": "rotateY(180deg)",
                    "width": "42px",
                  }
                }
                tabIndex="0"
              >
                <div
                  className="css-text-901oao"
                  dir="auto"
                  style={
                    Object {
                      "color": "rgba(255,255,255,1.00)",
                      "fontFamily": "gooddollar",
                      "fontSize": "25px",
                      "fontStyle": "normal",
                      "fontWeight": "normal",
                    }
                  }
                >
                  
                </div>
              </div>
              <div
                className="css-text-901oao"
                dir="auto"
                style={
                  Object {
                    "color": "rgba(255,255,255,1.00)",
                    "fontFamily": "Roboto",
                    "fontSize": "10px",
                    "fontWeight": "500",
                    "lineHeight": "11px",
                    "marginTop": "3px",
                    "textAlign": "center",
                    "textDecoration": "none",
                    "textTransform": "none",
                  }
                }
              >
                Edit
              </div>
            </div>
          </div>
          <div
            className="css-view-1dbjc4n r-flexGrow-16y2uox r-paddingHorizontal-1e081e0"
            style={
              Object {
                "backgroundColor": "rgba(255,255,255,1.00)",
                "borderBottomLeftRadius": "5px",
                "borderBottomRightRadius": "5px",
                "borderTopLeftRadius": "5px",
                "borderTopRightRadius": "5px",
                "paddingBottom": "16px",
                "paddingLeft": "16px",
                "paddingRight": "16px",
                "paddingTop": "16px",
              }
            }
          >
            <div
              className="css-view-1dbjc4n"
              style={
                Object {
                  "height": "75px",
                  "width": "100%",
                }
              }
            />
            <div
              className="css-view-1dbjc4n r-alignItems-1awozwy r-flexGrow-16y2uox"
              style={
                Object {
                  "WebkitBoxDirection": "normal",
                  "WebkitBoxOrient": "horizontal",
                  "WebkitBoxPack": "justify",
                  "WebkitFlexDirection": "row",
                  "WebkitJustifyContent": "space-between",
                  "flexDirection": "row",
                  "justifyContent": "space-between",
                  "msFlexDirection": "row",
                  "msFlexPack": "justify",
                }
              }
            >
              <div
                className="css-view-1dbjc4n r-WebkitOverflowScrolling-150rngu r-flexDirection-eqz5dr r-flexGrow-16y2uox r-flexShrink-1wbh5a2 r-overflowX-11yh6sk r-overflowY-1rnoaur r-touchAction-19z077z r-transform-1sncvnh"
                onResponderGrant={[Function]}
                onResponderReject={[Function]}
                onResponderRelease={[Function]}
                onResponderTerminationRequest={[Function]}
                onScroll={[Function]}
                onScrollShouldSetResponder={[Function]}
                onStartShouldSetResponder={[Function]}
                onStartShouldSetResponderCapture={[Function]}
                onTouchEnd={[Function]}
                onTouchMove={[Function]}
                onTouchStart={[Function]}
                onWheel={[Function]}
              >
                <div
                  className="css-view-1dbjc4n"
                >
                  <div
                    className="css-view-1dbjc4n r-alignItems-1awozwy"
                    style={
                      Object {
                        "WebkitBoxDirection": "normal",
                        "WebkitBoxOrient": "horizontal",
                        "WebkitBoxPack": "justify",
                        "WebkitFlexDirection": "row",
                        "WebkitJustifyContent": "space-between",
                        "flexDirection": "row",
                        "justifyContent": "space-between",
                        "msFlexDirection": "row",
                        "msFlexPack": "justify",
                      }
                    }
                  >
                    <div
                      className="css-view-1dbjc4n r-display-6koalj r-flex-13awgt0"
                    >
                      <div
                        className="css-view-1dbjc4n r-position-bnwqim"
                        style={
                          Object {
                            "borderBottomColor": "rgba(0,0,0,0.00)",
                            "borderBottomLeftRadius": "24px",
                            "borderBottomRightRadius": "24px",
                            "borderBottomWidth": "1px",
                            "borderLeftColor": "rgba(0,0,0,0.00)",
                            "borderLeftWidth": "1px",
                            "borderRightColor": "rgba(0,0,0,0.00)",
                            "borderRightWidth": "1px",
                            "borderTopColor": "rgba(238,238,238,1.00)",
                            "borderTopLeftRadius": "0px",
                            "borderTopRightRadius": "0px",
                            "borderTopWidth": "1px",
                            "marginBottom": "2px",
                            "marginTop": "2px",
                            "paddingBottom": "2px",
                            "paddingLeft": "32px",
                            "paddingRight": "32px",
                            "paddingTop": "2px",
                          }
                        }
                      >
                        <input
                          aria-disabled={true}
                          autoCapitalize="sentences"
                          autoComplete="on"
                          autoCorrect="on"
                          className="css-textinput-1cwyjr8 r-flex-13awgt0 r-justifyContent-1777fci r-placeholderTextColor-1xktb6b"
                          dir="auto"
                          disabled={true}
                          onBlur={[Function]}
                          onChange={[Function]}
                          onFocus={[Function]}
                          onKeyDown={[Function]}
                          onKeyPress={[Function]}
                          onSelect={[Function]}
                          placeholder="Choose a Username"
                          readOnly={true}
                          spellCheck={true}
                          style={
                            Object {
                              "backgroundColor": "rgba(0,0,0,0.00)",
                              "color": "rgba(66,69,74,1.00)",
                              "fontFamily": "Roboto",
                              "fontSize": "14px",
                              "fontWeight": "400",
                              "paddingBottom": "14px",
                              "paddingTop": "14px",
                            }
                          }
                          tabIndex="-1"
                          type="text"
                        />
                        <div
                          className="css-view-1dbjc4n r-alignItems-1awozwy r-display-6koalj r-height-1pi2tsx r-justifyContent-1777fci"
                          style={
                            Object {
                              "position": "absolute",
                              "right": "0px",
                              "top": "1px",
                              "width": "32px",
                              "zIndex": 1,
                            }
                          }
                        >
                          <div
                            className="css-text-901oao"
                            dir="auto"
                            style={
                              Object {
                                "color": "rgba(0,175,255,1.00)",
                                "fontFamily": "gooddollar",
                                "fontSize": "22px",
                                "fontStyle": "normal",
                                "fontWeight": "normal",
                              }
                            }
                          >
                            
                          </div>
                        </div>
                      </div>
                    </div>
                  </div>
                  <div
                    className="css-view-1dbjc4n r-alignItems-1awozwy"
                    style={
                      Object {
                        "WebkitBoxDirection": "normal",
                        "WebkitBoxOrient": "horizontal",
                        "WebkitBoxPack": "justify",
                        "WebkitFlexDirection": "row",
                        "WebkitJustifyContent": "space-between",
                        "flexDirection": "row",
                        "justifyContent": "space-between",
                        "msFlexDirection": "row",
                        "msFlexPack": "justify",
                      }
                    }
                  >
                    <div
                      className="css-view-1dbjc4n r-display-6koalj r-flex-13awgt0"
                    >
                      <div
                        className="css-view-1dbjc4n r-position-bnwqim"
                        style={
                          Object {
                            "borderBottomColor": "rgba(0,0,0,0.00)",
                            "borderBottomLeftRadius": "24px",
                            "borderBottomRightRadius": "24px",
                            "borderBottomWidth": "1px",
                            "borderLeftColor": "rgba(0,0,0,0.00)",
                            "borderLeftWidth": "1px",
                            "borderRightColor": "rgba(0,0,0,0.00)",
                            "borderRightWidth": "1px",
                            "borderTopColor": "rgba(238,238,238,1.00)",
                            "borderTopLeftRadius": "0px",
                            "borderTopRightRadius": "0px",
                            "borderTopWidth": "1px",
                            "marginBottom": "2px",
                            "marginTop": "2px",
                            "paddingBottom": "2px",
                            "paddingLeft": "32px",
                            "paddingRight": "32px",
                            "paddingTop": "2px",
                          }
                        }
                      >
                        <input
                          aria-disabled={true}
                          autoCapitalize="sentences"
                          autoComplete="on"
                          autoCorrect="on"
                          className="css-textinput-1cwyjr8 r-flex-13awgt0 r-justifyContent-1777fci r-placeholderTextColor-1xktb6b"
                          dir="auto"
                          disabled={true}
                          onBlur={[Function]}
                          onChange={[Function]}
                          onFocus={[Function]}
                          onKeyDown={[Function]}
                          onKeyPress={[Function]}
                          onSelect={[Function]}
                          placeholder="Add your Mobile"
                          readOnly={true}
                          spellCheck={true}
                          style={
                            Object {
                              "backgroundColor": "rgba(0,0,0,0.00)",
                              "color": "rgba(66,69,74,1.00)",
                              "fontFamily": "Roboto",
                              "fontSize": "14px",
                              "fontWeight": "400",
                              "paddingBottom": "14px",
                              "paddingTop": "14px",
                            }
                          }
                          tabIndex="-1"
                          type="text"
                        />
                        <div
                          className="css-view-1dbjc4n r-alignItems-1awozwy r-display-6koalj r-height-1pi2tsx r-justifyContent-1777fci"
                          style={
                            Object {
                              "position": "absolute",
                              "right": "0px",
                              "top": "1px",
                              "width": "32px",
                              "zIndex": 1,
                            }
                          }
                        >
                          <div
                            className="css-text-901oao"
                            dir="auto"
                            style={
                              Object {
                                "color": "rgba(0,175,255,1.00)",
                                "fontFamily": "gooddollar",
                                "fontSize": "28px",
                                "fontStyle": "normal",
                                "fontWeight": "normal",
                              }
                            }
                          >
                            
                          </div>
                        </div>
                      </div>
                    </div>
                  </div>
                  <div
                    className="css-view-1dbjc4n r-alignItems-1awozwy"
                    style={
                      Object {
                        "WebkitBoxDirection": "normal",
                        "WebkitBoxOrient": "horizontal",
                        "WebkitBoxPack": "justify",
                        "WebkitFlexDirection": "row",
                        "WebkitJustifyContent": "space-between",
                        "borderBottomColor": "rgba(238,238,238,1.00)",
                        "borderBottomWidth": "1px",
                        "flexDirection": "row",
                        "justifyContent": "space-between",
                        "msFlexDirection": "row",
                        "msFlexPack": "justify",
                      }
                    }
                  >
                    <div
                      className="css-view-1dbjc4n r-display-6koalj r-flex-13awgt0"
                    >
                      <div
                        className="css-view-1dbjc4n r-position-bnwqim"
                        style={
                          Object {
                            "borderBottomColor": "rgba(0,0,0,0.00)",
                            "borderBottomLeftRadius": "24px",
                            "borderBottomRightRadius": "24px",
                            "borderBottomWidth": "1px",
                            "borderLeftColor": "rgba(0,0,0,0.00)",
                            "borderLeftWidth": "1px",
                            "borderRightColor": "rgba(0,0,0,0.00)",
                            "borderRightWidth": "1px",
                            "borderTopColor": "rgba(238,238,238,1.00)",
                            "borderTopLeftRadius": "0px",
                            "borderTopRightRadius": "0px",
                            "borderTopWidth": "1px",
                            "marginBottom": "2px",
                            "marginTop": "2px",
                            "paddingBottom": "2px",
                            "paddingLeft": "32px",
                            "paddingRight": "32px",
                            "paddingTop": "2px",
                          }
                        }
                      >
                        <input
                          aria-disabled={true}
                          autoCapitalize="sentences"
                          autoComplete="on"
                          autoCorrect="on"
                          className="css-textinput-1cwyjr8 r-flex-13awgt0 r-justifyContent-1777fci r-placeholderTextColor-1xktb6b"
                          dir="auto"
                          disabled={true}
                          onBlur={[Function]}
                          onChange={[Function]}
                          onFocus={[Function]}
                          onKeyDown={[Function]}
                          onKeyPress={[Function]}
                          onSelect={[Function]}
                          placeholder="Add your Email"
                          readOnly={true}
                          spellCheck={true}
                          style={
                            Object {
                              "backgroundColor": "rgba(0,0,0,0.00)",
                              "color": "rgba(66,69,74,1.00)",
                              "fontFamily": "Roboto",
                              "fontSize": "14px",
                              "fontWeight": "400",
                              "paddingBottom": "14px",
                              "paddingTop": "14px",
                            }
                          }
                          tabIndex="-1"
                          type="text"
                        />
                        <div
                          className="css-view-1dbjc4n r-alignItems-1awozwy r-display-6koalj r-height-1pi2tsx r-justifyContent-1777fci"
                          style={
                            Object {
                              "position": "absolute",
                              "right": "0px",
                              "top": "1px",
                              "width": "32px",
                              "zIndex": 1,
                            }
                          }
                        >
                          <div
                            className="css-text-901oao r-fontSize-adyw6z"
                            dir="auto"
                            style={
                              Object {
                                "color": "rgba(0,175,255,1.00)",
                                "fontFamily": "gooddollar",
                                "fontStyle": "normal",
                                "fontWeight": "normal",
                              }
                            }
                          >
                            
                          </div>
                        </div>
                      </div>
                    </div>
                  </div>
                </div>
              </div>
            </div>
          </div>
        </div>
      </div>
    </div>
  </div>
</div>
`;
