// Jest Snapshot v1, https://goo.gl/fbAQLP

exports[`BigNumber matches snapshot 1`] = `
<div
  className="css-view-1dbjc4n r-flex-13awgt0 r-pointerEvents-12vffkv"
>
  <div
    className="css-view-1dbjc4n"
    style={
      Object {
        "WebkitAlignItems": "baseline",
        "WebkitBoxAlign": "baseline",
        "WebkitBoxDirection": "normal",
        "WebkitBoxOrient": "horizontal",
        "WebkitFlexDirection": "row",
        "alignItems": "baseline",
        "display": "flex",
        "flexDirection": "row",
        "msFlexAlign": "baseline",
        "msFlexDirection": "row",
      }
    }
  >
    <div
      className="css-text-901oao"
      dir="auto"
      style={
        Object {
          "color": "rgba(85,85,85,1.00)",
          "fontFamily": "Roboto Slab",
          "fontSize": "36px",
          "fontWeight": "700",
          "lineHeight": "36px",
          "marginRight": "2px",
          "textAlign": "right",
          "textDecoration": "none",
          "textTransform": "none",
        }
      }
    >
      10
    </div>
    <div
      className="css-text-901oao"
      dir="auto"
      style={
        Object {
          "color": "rgba(85,85,85,1.00)",
          "fontFamily": "Roboto Slab",
          "fontSize": "18px",
          "fontWeight": "700",
          "lineHeight": "18px",
          "textAlign": "right",
          "textDecoration": "none",
          "textTransform": "none",
        }
      }
    >
      G$
    </div>
  </div>
</div>
`;
