// Jest Snapshot v1, https://goo.gl/fbAQLP

exports[`ScanQRButton should match snapshot 1`] = `
<div
  className="css-view-1dbjc4n"
  style={
    Object {
      "WebkitBoxFlex": 1,
      "WebkitFlexBasis": "0%",
      "WebkitFlexGrow": 1,
      "WebkitFlexShrink": 1,
      "flexBasis": "0%",
      "flexGrow": 1,
      "flexShrink": 1,
      "msFlexNegative": 1,
      "msFlexPositive": 1,
      "msFlexPreferredSize": "0%",
    }
  }
>
  <div
    className="css-view-1dbjc4n"
    data-focusable={true}
    onKeyDown={[Function]}
    onKeyUp={[Function]}
    onResponderGrant={[Function]}
    onResponderMove={[Function]}
    onResponderRelease={[Function]}
    onResponderTerminate={[Function]}
    onResponderTerminationRequest={[Function]}
    onStartShouldSetResponder={[Function]}
    style={
      Object {
        "MozTransitionProperty": "opacity",
        "MozUserSelect": "none",
        "WebkitAlignItems": "center",
        "WebkitBoxAlign": "center",
        "WebkitBoxDirection": "normal",
        "WebkitBoxOrient": "horizontal",
        "WebkitBoxPack": "end",
        "WebkitFlexDirection": "row",
        "WebkitJustifyContent": "flex-end",
        "WebkitTransitionDuration": "0.15s",
        "WebkitTransitionProperty": "opacity",
        "WebkitUserSelect": "none",
        "alignItems": "center",
        "cursor": "pointer",
        "flexDirection": "row",
        "justifyContent": "flex-end",
        "msFlexAlign": "center",
        "msFlexDirection": "row",
        "msFlexPack": "end",
        "msTouchAction": "manipulation",
        "msUserSelect": "none",
        "paddingBottom": "0px",
        "paddingLeft": "0px",
        "paddingRight": "0px",
        "paddingTop": "0px",
        "touchAction": "manipulation",
        "transitionDuration": "0.15s",
        "transitionProperty": "opacity",
        "userSelect": "none",
      }
    }
    tabIndex="0"
  >
    <div
      className="css-text-901oao"
      dir="auto"
      style={
        Object {
          "color": "rgba(12,38,61,1.00)",
          "direction": "ltr",
          "fontFamily": "Roboto-Medium",
          "fontSize": "14px",
          "fontWeight": "normal",
          "lineHeight": "20px",
          "textAlign": "center",
          "textDecoration": "none",
          "textTransform": "none",
        }
      }
    >
      Scan QR Code
    </div>
    <div
      className="css-view-1dbjc4n"
      style={
        Object {
          "WebkitAlignItems": "center",
          "WebkitBoxAlign": "center",
          "WebkitBoxPack": "center",
          "WebkitJustifyContent": "center",
          "alignItems": "center",
          "backgroundColor": "rgba(12,38,61,1.00)",
          "borderBottomLeftRadius": "50%",
          "borderBottomRightRadius": "50%",
          "borderTopLeftRadius": "50%",
          "borderTopRightRadius": "50%",
          "display": "flex",
          "height": "42px",
          "justifyContent": "center",
          "marginLeft": "8px",
          "msFlexAlign": "center",
          "msFlexPack": "center",
          "width": "42px",
        }
      }
    >
      <div
        className="css-text-901oao"
        dir="auto"
        style={
          Object {
            "color": "rgba(255,255,255,1.00)",
            "fontFamily": "gooddollar",
            "fontSize": "28px",
            "fontStyle": "normal",
            "fontWeight": "normal",
          }
        }
      >
        
      </div>
    </div>
  </div>
</div>
`;
