// Jest Snapshot v1, https://goo.gl/fbAQLP

exports[`ScrollToTopButton should match snapshot 1`] = `
<div
  className="css-view-1dbjc4n"
  style={
    Object {
      "WebkitBoxFlex": 1,
      "WebkitFlexBasis": "0%",
      "WebkitFlexGrow": 1,
      "WebkitFlexShrink": 1,
      "flexBasis": "0%",
      "flexGrow": 1,
      "flexShrink": 1,
      "msFlexNegative": 1,
      "msFlexPositive": 1,
      "msFlexPreferredSize": "0%",
    }
  }
>
  <div
    className="css-view-1dbjc4n"
    data-focusable={true}
    onKeyDown={[Function]}
    onKeyUp={[Function]}
    onResponderGrant={[Function]}
    onResponderMove={[Function]}
    onResponderRelease={[Function]}
    onResponderTerminate={[Function]}
    onResponderTerminationRequest={[Function]}
    onStartShouldSetResponder={[Function]}
    style={
      Object {
        "bottom": "0px",
        "cursor": "pointer",
        "height": "74px",
        "msTouchAction": "manipulation",
        "position": "absolute",
        "right": "0px",
        "touchAction": "manipulation",
        "width": "74px",
        "zIndex": 1000,
      }
    }
    tabIndex="0"
  >
    <scrollToTop.svg />
  </div>
</div>
`;
