// Jest Snapshot v1, https://goo.gl/fbAQLP

exports[`ExplanationDialog matches snapshot 1`] = `
<div
  className="css-view-1dbjc4n"
  style={
    Object {
      "WebkitBoxPack": "justify",
      "WebkitJustifyContent": "space-around",
      "display": "flex",
      "height": "100%",
      "justifyContent": "space-around",
      "marginBottom": "auto",
      "marginTop": "auto",
      "minHeight": "310px",
      "msFlexPack": "distribute",
    }
  }
>
  <div
    className="css-text-901oao"
    dir="auto"
    style={
      Object {
        "direction": "ltr",
        "fontFamily": "Roboto Slab",
        "fontSize": "24px",
        "fontWeight": "700",
        "lineHeight": "30px",
        "marginBottom": "8px",
        "textAlign": "center",
        "textDecoration": "none",
        "textTransform": "none",
      }
    }
  >
    test
  </div>
  <div
    className="css-text-901oao"
    dir="auto"
    style={
      Object {
        "direction": "ltr",
        "fontFamily": "Roboto",
        "fontSize": "24px",
        "fontWeight": "normal",
        "lineHeight": "30px",
        "textAlign": "center",
        "textDecoration": "none",
        "textTransform": "none",
      }
    }
  >
    test
  </div>
</div>
`;
